<html>
<body>
<pre>
<h1>µVision Build Log</h1>
<h2>Tool Versions:</h2>
IDE-Version: ¦ÌVision V5.31.0.0
Copyright (C) 2020 ARM Ltd and ARM Germany GmbH. All rights reserved.
License Information: Alan Administrator, hw, LIC=D0D7S-LSNZ6-AR5XW-QSL0L-CCLL2-M8JLQ
 
Tool Versions:
Toolchain:       MDK-ARM Plus  Version: 5.31.0.0
Toolchain Path:  D:\Software\Keil\Keil_ARM\ARM\ARMCC\Bin
C Compiler:      Armcc.exe V5.06 update 6 (build 750)
Assembler:       Armasm.exe V5.06 update 6 (build 750)
Linker/Locator:  ArmLink.exe V5.06 update 6 (build 750)
Library Manager: ArmAr.exe V5.06 update 6 (build 750)
Hex Converter:   FromElf.exe V5.06 update 6 (build 750)
CPU DLL:         SARMCM3.DLL V5.31.0.0
Dialog DLL:      DCM.DLL V1.17.3.0
Target DLL:      STLink\ST-LINKIII-KEIL_SWO.dll V3.0.7.0
Dialog DLL:      TCM.DLL V1.46.0.0
 
<h2>Project:</h2>
D:\Code\CodeSTM32\stm32_demo\1_f103_c8t6\15_laser_range\debug_vl53l0x\USER\OLED.uvprojx
Project File Date:  07/30/2023

<h2>Output:</h2>
*** Using Compiler 'V5.06 update 6 (build 750)', folder: 'D:\Software\Keil\Keil_ARM\ARM\ARMCC\Bin'
Rebuild target 'OLED'
compiling stm32f10x_it.c...
compiling vl53l0x_api_calibration.c...
compiling system_stm32f10x.c...
compiling oled.c...
compiling key.c...
compiling vl53l0x_i2c.c...
compiling led.c...
compiling vl53l0x.c...
compiling vl53l0x_api_ranging.c...
compiling vl53l0x_it.c...
compiling vl53l0x_gen.c...
compiling main.c...
compiling vl53l0x_api_strings.c...
compiling vl53l0x_api_core.c...
compiling vl53l0x_api.c...
assembling startup_stm32f10x_hd.s...
compiling delay.c...
compiling vl53l0x_platform.c...
compiling usart.c...
compiling core_cm3.c...
compiling misc.c...
compiling sys.c...
compiling stm32f10x_gpio.c...
compiling stm32f10x_exti.c...
compiling stm32f10x_rcc.c...
compiling stm32f10x_usart.c...
linking...
Program Size: Code=29746 RO-data=1898 RW-data=828 ZI-data=2380  
FromELF: creating hex file...
"..\OBJ\OLED.axf" - 0 Error(s), 0 Warning(s).

<h2>Software Packages used:</h2>

Package Vendor: Keil
                http://www.keil.com/pack/Keil.STM32F1xx_DFP.1.0.5.pack
                Keil.STM32F1xx_DFP.1.0.5
                STMicroelectronics STM32F1 Series Device Support, Drivers and Examples

<h2>Collection of Component include folders:</h2>
  C:\Users\Administrator\AppData\Local\Arm\Packs\Keil\STM32F1xx_DFP\1.0.5\Device\Include

<h2>Collection of Component Files used:</h2>
Build Time Elapsed:  00:00:02
</pre>
</body>
</html>
