Component: ARM Compiler 5.06 update 6 (build 750) Tool: armlink [4d35ed]

==============================================================================

Section Cross References

    main.o(.text) refers to _printf_pad.o(.text) for _printf_pre_padding
    main.o(.text) refers to _printf_percent.o(.ARM.Collect$$_printf_percent$$00000000) for _printf_percent
    main.o(.text) refers to _printf_i.o(.ARM.Collect$$_printf_percent$$00000008) for _printf_i
    main.o(.text) refers to _printf_dec.o(.text) for _printf_int_dec
    main.o(.text) refers to delay.o(.text) for delay_init
    main.o(.text) refers to led.o(.text) for LED_Init
    main.o(.text) refers to oled.o(.text) for OLED_Init
    main.o(.text) refers to vl53l0x.o(.text) for VL53L0X_MainInit
    main.o(.text) refers to noretval__2printf.o(.text) for __2printf
    system_stm32f10x.o(.text) refers to system_stm32f10x.o(.data) for SystemCoreClock
    led.o(.text) refers to stm32f10x_rcc.o(.text) for RCC_APB2PeriphClockCmd
    led.o(.text) refers to stm32f10x_gpio.o(.text) for GPIO_Init
    key.o(.text) refers to stm32f10x_rcc.o(.text) for RCC_APB2PeriphClockCmd
    key.o(.text) refers to stm32f10x_gpio.o(.text) for GPIO_Init
    key.o(.text) refers to delay.o(.text) for delay_ms
    key.o(.text) refers to key.o(.data) for key_up
    oled.o(.text) refers to stm32f10x_rcc.o(.text) for RCC_APB2PeriphClockCmd
    oled.o(.text) refers to stm32f10x_gpio.o(.text) for GPIO_Init
    oled.o(.text) refers to oled.o(.constdata) for OLED_F8x16
    vl53l0x_api.o(.text) refers to vl53l0x_platform.o(.text) for VL53L0X_RdByte
    vl53l0x_api.o(.text) refers to vl53l0x_api_strings.o(.text) for VL53L0X_get_device_info
    vl53l0x_api.o(.text) refers to vl53l0x_api_core.o(.text) for VL53L0X_get_vcsel_pulse_period
    vl53l0x_api.o(.text) refers to vl53l0x_api_calibration.o(.text) for VL53L0X_get_offset_calibration_data_micro_meter
    vl53l0x_api.o(.text) refers to rt_memclr_w.o(.text) for __aeabi_memclr4
    vl53l0x_api.o(.text) refers to rt_memcpy_w.o(.text) for __aeabi_memcpy4
    vl53l0x_api.o(.text) refers to vl53l0x_api.o(.data) for DefaultTuningSettings
    vl53l0x_api_calibration.o(.text) refers to vl53l0x_api.o(.text) for VL53L0X_SetXTalkCompensationEnable
    vl53l0x_api_calibration.o(.text) refers to vl53l0x_platform.o(.text) for VL53L0X_WrWord
    vl53l0x_api_calibration.o(.text) refers to vl53l0x_api_core.o(.text) for VL53L0X_get_info_from_device
    vl53l0x_api_calibration.o(.text) refers to vl53l0x_api_calibration.o(.data) for refArrayQuadrants
    vl53l0x_api_calibration.o(.text) refers to rt_memcpy_w.o(.text) for __aeabi_memcpy4
    vl53l0x_api_core.o(.text) refers to vl53l0x_api.o(.text) for VL53L0X_GetMeasurementDataReady
    vl53l0x_api_core.o(.text) refers to vl53l0x_platform.o(.text) for VL53L0X_PollingDelay
    vl53l0x_api_core.o(.text) refers to strcpy.o(.text) for strcpy
    vl53l0x_api_core.o(.text) refers to vl53l0x_api_calibration.o(.text) for VL53L0X_perform_phase_calibration
    vl53l0x_api_strings.o(.text) refers to vl53l0x_api_core.o(.text) for VL53L0X_get_info_from_device
    vl53l0x_api_strings.o(.text) refers to strcpy.o(.text) for strcpy
    vl53l0x_api_strings.o(.text) refers to vl53l0x_platform.o(.text) for VL53L0X_RdByte
    vl53l0x.o(.text) refers to _printf_percent.o(.ARM.Collect$$_printf_percent$$00000000) for _printf_percent
    vl53l0x.o(.text) refers to _printf_i.o(.ARM.Collect$$_printf_percent$$00000008) for _printf_i
    vl53l0x.o(.text) refers to _printf_s.o(.ARM.Collect$$_printf_percent$$00000014) for _printf_s
    vl53l0x.o(.text) refers to _printf_dec.o(.text) for _printf_int_dec
    vl53l0x.o(.text) refers to _printf_str.o(.text) for _printf_str
    vl53l0x.o(.text) refers to _printf_x.o(.ARM.Collect$$_printf_percent$$0000000C) for _printf_x
    vl53l0x.o(.text) refers to _printf_hex_int.o(.text) for _printf_longlong_hex
    vl53l0x.o(.text) refers to _printf_d.o(.ARM.Collect$$_printf_percent$$00000009) for _printf_d
    vl53l0x.o(.text) refers to _printf_pad.o(.text) for _printf_pre_padding
    vl53l0x.o(.text) refers to vl53l0x_api.o(.text) for VL53L0X_GetPalErrorString
    vl53l0x.o(.text) refers to noretval__2printf.o(.text) for __2printf
    vl53l0x.o(.text) refers to strcpy.o(.text) for strcpy
    vl53l0x.o(.text) refers to vl53l0x_platform.o(.text) for VL53L0X_WrByte
    vl53l0x.o(.text) refers to delay.o(.text) for delay_ms
    vl53l0x.o(.text) refers to stm32f10x_rcc.o(.text) for RCC_APB2PeriphClockCmd
    vl53l0x.o(.text) refers to stm32f10x_gpio.o(.text) for GPIO_Init
    vl53l0x.o(.text) refers to vl53l0x_i2c.o(.text) for VL53L0X_i2c_init
    vl53l0x.o(.text) refers to vl53l0x_gen.o(.text) for vl53l0x_set_mode
    vl53l0x.o(.text) refers to noretval__2sprintf.o(.text) for __2sprintf
    vl53l0x.o(.text) refers to vl53l0x.o(.bss) for vl53l0x_dev_info
    vl53l0x.o(.text) refers to vl53l0x.o(.data) for AjustOK
    vl53l0x.o(.text) refers to vl53l0x_gen.o(.bss) for vl53l0x_data
[...]
    ../clib/signal.c                         0x00000000   Number         0  defsig_rtmem_outer.o ABSOLUTE
    ../clib/signal.c                         0x00000000   Number         0  defsig_rtred_inner.o ABSOLUTE
    ../clib/signal.c                         0x00000000   Number         0  defsig_fpe_inner.o ABSOLUTE
    ../clib/signal.c                         0x00000000   Number         0  defsig_rtmem_inner.o ABSOLUTE
    ../clib/signal.c                         0x00000000   Number         0  defsig_abrt_inner.o ABSOLUTE
    ../clib/signal.s                         0x00000000   Number         0  defsig.o ABSOLUTE
    ../clib/stdio.c                          0x00000000   Number         0  ferror_locked.o ABSOLUTE
    ../clib/stdio.c                          0x00000000   Number         0  ferror.o ABSOLUTE
    ../clib/stdlib.c                         0x00000000   Number         0  exit.o ABSOLUTE
    ../clib/string.c                         0x00000000   Number         0  strcpy.o ABSOLUTE
    ../fplib/fpinit.s                        0x00000000   Number         0  fpinit.o ABSOLUTE
    ..\CORE\core_cm3.c                       0x00000000   Number         0  core_cm3.o ABSOLUTE
    ..\CORE\startup_stm32f10x_hd.s           0x00000000   Number         0  startup_stm32f10x_hd.o ABSOLUTE
    ..\HARDWARE\KEY\key.c                    0x00000000   Number         0  key.o ABSOLUTE
    ..\HARDWARE\LED\led.c                    0x00000000   Number         0  led.o ABSOLUTE
    ..\HARDWARE\OLED\oled.c                  0x00000000   Number         0  oled.o ABSOLUTE
    ..\HARDWARE\VL53L0X\core\src\vl53l0x_api.c 0x00000000   Number         0  vl53l0x_api.o ABSOLUTE
    ..\HARDWARE\VL53L0X\core\src\vl53l0x_api_calibration.c 0x00000000   Number         0  vl53l0x_api_calibration.o ABSOLUTE
    ..\HARDWARE\VL53L0X\core\src\vl53l0x_api_core.c 0x00000000   Number         0  vl53l0x_api_core.o ABSOLUTE
    ..\HARDWARE\VL53L0X\core\src\vl53l0x_api_ranging.c 0x00000000   Number         0  vl53l0x_api_ranging.o ABSOLUTE
    ..\HARDWARE\VL53L0X\core\src\vl53l0x_api_strings.c 0x00000000   Number         0  vl53l0x_api_strings.o ABSOLUTE
    ..\HARDWARE\VL53L0X\demo\vl53l0x.c       0x00000000   Number         0  vl53l0x.o ABSOLUTE
    ..\HARDWARE\VL53L0X\demo\vl53l0x_gen.c   0x00000000   Number         0  vl53l0x_gen.o ABSOLUTE
    ..\HARDWARE\VL53L0X\demo\vl53l0x_it.c    0x00000000   Number         0  vl53l0x_it.o ABSOLUTE
    ..\HARDWARE\VL53L0X\platform\src\vl53l0x_i2c.c 0x00000000   Number         0  vl53l0x_i2c.o ABSOLUTE
    ..\HARDWARE\VL53L0X\platform\src\vl53l0x_platform.c 0x00000000   Number         0  vl53l0x_platform.o ABSOLUTE
    ..\STM32F10x_FWLib\src\misc.c            0x00000000   Number         0  misc.o ABSOLUTE
    ..\STM32F10x_FWLib\src\stm32f10x_exti.c  0x00000000   Number         0  stm32f10x_exti.o ABSOLUTE
    ..\STM32F10x_FWLib\src\stm32f10x_gpio.c  0x00000000   Number         0  stm32f10x_gpio.o ABSOLUTE
    ..\STM32F10x_FWLib\src\stm32f10x_rcc.c   0x00000000   Number         0  stm32f10x_rcc.o ABSOLUTE
    ..\STM32F10x_FWLib\src\stm32f10x_usart.c 0x00000000   Number         0  stm32f10x_usart.o ABSOLUTE
    ..\SYSTEM\delay\delay.c                  0x00000000   Number         0  delay.o ABSOLUTE
    ..\SYSTEM\sys\sys.c                      0x00000000   Number         0  sys.o ABSOLUTE
    ..\SYSTEM\usart\usart.c                  0x00000000   Number         0  usart.o ABSOLUTE
    ..\\CORE\\core_cm3.c                     0x00000000   Number         0  core_cm3.o ABSOLUTE
    ..\\SYSTEM\\sys\\sys.c                   0x00000000   Number         0  sys.o ABSOLUTE
    dc.s                                     0x00000000   Number         0  dc.o ABSOLUTE
    main.c                                   0x00000000   Number         0  main.o ABSOLUTE
    stm32f10x_it.c                           0x00000000   Number         0  stm32f10x_it.o ABSOLUTE
    system_stm32f10x.c                       0x00000000   Number         0  system_stm32f10x.o ABSOLUTE
    RESET                                    0x08000000   Section      304  startup_stm32f10x_hd.o(RESET)
    !!!main                                  0x08000130   Section        8  __main.o(!!!main)
    !!!scatter                               0x08000138   Section       52  __scatter.o(!!!scatter)
    !!dclz77c                                0x0800016c   Section      100  __dclz77c.o(!!dclz77c)
    !!handler_zi                             0x080001d0   Section       28  __scatter_zi.o(!!handler_zi)
    .ARM.Collect$$_printf_percent$$00000000  0x080001ec   Section        0  _printf_percent.o(.ARM.Collect$$_printf_percent$$00000000)
    .ARM.Collect$$_printf_percent$$00000008  0x080001ec   Section        6  _printf_i.o(.ARM.Collect$$_printf_percent$$00000008)
    .ARM.Collect$$_printf_percent$$00000009  0x080001f2   Section        6  _printf_d.o(.ARM.Collect$$_printf_percent$$00000009)
    .ARM.Collect$$_printf_percent$$0000000C  0x080001f8   Section        6  _printf_x.o(.ARM.Collect$$_printf_percent$$0000000C)
    .ARM.Collect$$_printf_percent$$00000014  0x080001fe   Section        6  _printf_s.o(.ARM.Collect$$_printf_percent$$00000014)
    .ARM.Collect$$_printf_percent$$00000017  0x08000204   Section        4  _printf_percent_end.o(.ARM.Collect$$_printf_percent$$00000017)
    .ARM.Collect$$libinit$$00000000          0x08000208   Section        2  libinit.o(.ARM.Collect$$libinit$$00000000)
    .ARM.Collect$$libinit$$00000002          0x0800020a   Section        0  libinit2.o(.ARM.Collect$$libinit$$00000002)
    .ARM.Collect$$libinit$$00000004          0x0800020a   Section        0  libinit2.o(.ARM.Collect$$libinit$$00000004)
    .ARM.Collect$$libinit$$0000000A          0x0800020a   Section        0  libinit2.o(.ARM.Collect$$libinit$$0000000A)
    .ARM.Collect$$libinit$$0000000C          0x0800020a   Section        0  libinit2.o(.ARM.Collect$$libinit$$0000000C)
    .ARM.Collect$$libinit$$0000000E          0x0800020a   Section        0  libinit2.o(.ARM.Collect$$libinit$$0000000E)
    .ARM.Collect$$libinit$$00000011          0x0800020a   Section        0  libinit2.o(.ARM.Collect$$libinit$$00000011)
    .ARM.Collect$$libinit$$00000013          0x0800020a   Section        0  libinit2.o(.ARM.Collect$$libinit$$00000013)
    .ARM.Collect$$libinit$$00000015          0x0800020a   Section        0  libinit2.o(.ARM.Collect$$libinit$$00000015)
    .ARM.Collect$$libinit$$00000017          0x0800020a   Section        0  libinit2.o(.ARM.Collect$$libinit$$00000017)
    .ARM.Collect$$libinit$$00000019          0x0800020a   Section        0  libinit2.o(.ARM.Collect$$libinit$$00000019)
    .ARM.Collect$$libinit$$0000001B          0x0800020a   Section        0  libinit2.o(.ARM.Collect$$libinit$$0000001B)
    .ARM.Collect$$libinit$$0000001D          0x0800020a   Section        0  libinit2.o(.ARM.Collect$$libinit$$0000001D)
    .ARM.Collect$$libinit$$0000001F          0x0800020a   Section        0  libinit2.o(.ARM.Collect$$libinit$$0000001F)
    .ARM.Collect$$libinit$$00000021          0x0800020a   Section        0  libinit2.o(.ARM.Collect$$libinit$$00000021)
    .ARM.Collect$$libinit$$00000023          0x0800020a   Section        0  libinit2.o(.ARM.Collect$$libinit$$00000023)
    .ARM.Collect$$libinit$$00000025          0x0800020a   Section        0  libinit2.o(.ARM.Collect$$libinit$$00000025)
    .ARM.Collect$$libinit$$0000002C          0x0800020a   Section        0  libinit2.o(.ARM.Collect$$libinit$$0000002C)
    .ARM.Collect$$libinit$$0000002E          0x0800020a   Section        0  libinit2.o(.ARM.Collect$$libinit$$0000002E)
    .ARM.Collect$$libinit$$00000030          0x0800020a   Section        0  libinit2.o(.ARM.Collect$$libinit$$00000030)
    .ARM.Collect$$libinit$$00000032          0x0800020a   Section        0  libinit2.o(.ARM.Collect$$libinit$$00000032)
    .ARM.Collect$$libinit$$00000033          0x0800020a   Section        2  libinit2.o(.ARM.Collect$$libinit$$00000033)
    .ARM.Collect$$libshutdown$$00000000      0x0800020c   Section        2  libshutdown.o(.ARM.Collect$$libshutdown$$00000000)
    .ARM.Collect$$libshutdown$$00000002      0x0800020e   Section        0  libshutdown2.o(.ARM.Collect$$libshutdown$$00000002)
    .ARM.Collect$$libshutdown$$00000004      0x0800020e   Section        0  libshutdown2.o(.ARM.Collect$$libshutdown$$00000004)
    .ARM.Collect$$libshutdown$$00000007      0x0800020e   Section        0  libshutdown2.o(.ARM.Collect$$libshutdown$$00000007)
    .ARM.Collect$$libshutdown$$0000000A      0x0800020e   Section        0  libshutdown2.o(.ARM.Collect$$libshutdown$$0000000A)
    .ARM.Collect$$libshutdown$$0000000C      0x0800020e   Section        0  libshutdown2.o(.ARM.Collect$$libshutdown$$0000000C)
    .ARM.Collect$$libshutdown$$0000000F      0x0800020e   Section        0  libshutdown2.o(.ARM.Collect$$libshutdown$$0000000F)
    .ARM.Collect$$libshutdown$$00000010      0x0800020e   Section        2  libshutdown2.o(.ARM.Collect$$libshutdown$$00000010)
    .ARM.Collect$$rtentry$$00000000          0x08000210   Section        0  __rtentry.o(.ARM.Collect$$rtentry$$00000000)
    .ARM.Collect$$rtentry$$00000002          0x08000210   Section        0  __rtentry2.o(.ARM.Collect$$rtentry$$00000002)
    .ARM.Collect$$rtentry$$00000004          0x08000210   Section        6  __rtentry4.o(.ARM.Collect$$rtentry$$00000004)
    .ARM.Collect$$rtentry$$00000009          0x08000216   Section        0  __rtentry2.o(.ARM.Collect$$rtentry$$00000009)
    .ARM.Collect$$rtentry$$0000000A          0x08000216   Section        4  __rtentry2.o(.ARM.Collect$$rtentry$$0000000A)
    .ARM.Collect$$rtentry$$0000000C          0x0800021a   Section        0  __rtentry2.o(.ARM.Collect$$rtentry$$0000000C)
    .ARM.Collect$$rtentry$$0000000D          0x0800021a   Section        8  __rtentry2.o(.ARM.Collect$$rtentry$$0000000D)
    .ARM.Collect$$rtexit$$00000000           0x08000222   Section        2  rtexit.o(.ARM.Collect$$rtexit$$00000000)
    .ARM.Collect$$rtexit$$00000002           0x08000224   Section        0  rtexit2.o(.ARM.Collect$$rtexit$$00000002)
    .ARM.Collect$$rtexit$$00000003           0x08000224   Section        4  rtexit2.o(.ARM.Collect$$rtexit$$00000003)
    .ARM.Collect$$rtexit$$00000004           0x08000228   Section        6  rtexit2.o(.ARM.Collect$$rtexit$$00000004)
    .text                                    0x08000230   Section        0  main.o(.text)
    .text                                    0x080002e8   Section        0  stm32f10x_it.o(.text)
    .text                                    0x08000304   Section        0  system_stm32f10x.o(.text)
    SetSysClockTo72                          0x08000305   Thumb Code   214  system_stm32f10x.o(.text)
    SetSysClock                              0x080003db   Thumb Code     8  system_stm32f10x.o(.text)
    .text                                    0x080004e4   Section        0  led.o(.text)
    .text                                    0x08000530   Section        0  oled.o(.text)
    .text                                    0x08000948   Section        0  vl53l0x_api.o(.text)
    .text                                    0x08002304   Section        0  vl53l0x_api_calibration.o(.text)
    .text                                    0x08002f04   Section        0  vl53l0x_api_core.o(.text)
    .text                                    0x080045f0   Section        0  vl53l0x_api_strings.o(.text)
    .text                                    0x08004f34   Section        0  vl53l0x.o(.text)
    .text                                    0x080054a4   Section        0  vl53l0x_gen.o(.text)
    .text                                    0x080056d0   Section        0  vl53l0x_it.o(.text)
    exti_init                                0x080056d1   Thumb Code   106  vl53l0x_it.o(.text)
    .text                                    0x08005934   Section        0  vl53l0x_i2c.o(.text)
    .text                                    0x08005e64   Section        0  vl53l0x_platform.o(.text)
    .text                                    0x0800604c   Section        0  delay.o(.text)
    .text                                    0x08006120   Section        0  usart.o(.text)
    .text                                    0x08006260   Section       64  startup_stm32f10x_hd.o(.text)
    .text                                    0x080062a0   Section        0  misc.o(.text)
    .text                                    0x0800637c   Section        0  stm32f10x_gpio.o(.text)
    .text                                    0x080066d8   Section        0  stm32f10x_rcc.o(.text)
    .text                                    0x08006a7c   Section        0  stm32f10x_usart.o(.text)
    .text                                    0x08006e84   Section        0  stm32f10x_exti.o(.text)
    .text                                    0x08006fa0   Section        2  use_no_semi_2.o(.text)
    .text                                    0x08006fa4   Section        0  noretval__2printf.o(.text)
    .text                                    0x08006fbc   Section        0  noretval__2sprintf.o(.text)
    .text                                    0x08006fe4   Section        0  _printf_pad.o(.text)
    .text                                    0x08007032   Section        0  _printf_str.o(.text)
    .text                                    0x08007084   Section        0  _printf_dec.o(.text)
    .text                                    0x080070fc   Section        0  _printf_hex_int.o(.text)
    .text                                    0x08007154   Section        0  __printf_wp.o(.text)
    .text                                    0x08007262   Section        0  strcpy.o(.text)
    .text                                    0x080072aa   Section      100  rt_memcpy_w.o(.text)
    .text                                    0x0800730e   Section       68  rt_memclr.o(.text)
    .text                                    0x08007352   Section       78  rt_memclr_w.o(.text)
    .text                                    0x080073a0   Section        0  heapauxi.o(.text)
    .text                                    0x080073a6   Section        2  use_no_semi.o(.text)
    .text                                    0x080073a8   Section        0  _printf_intcommon.o(.text)
    .text                                    0x0800745c   Section        0  _printf_char_common.o(.text)
    _printf_input_char                       0x0800745d   Thumb Code    10  _printf_char_common.o(.text)
    .text                                    0x0800748c   Section        0  _sputc.o(.text)
    .text                                    0x08007496   Section        0  _printf_char.o(.text)
    .text                                    0x080074c4   Section        0  _printf_char_file.o(.text)
    .text                                    0x080074e8   Section        0  ferror.o(.text)
    .text                                    0x080074f0   Section       74  sys_stackheap_outer.o(.text)
    .text                                    0x0800753a   Section        0  exit.o(.text)
    .text                                    0x0800754c   Section        8  libspace.o(.text)
    i._is_digit                              0x08007554   Section        0  __printf_wp.o(i._is_digit)
    .constdata                               0x08007562   Section     1520  oled.o(.constdata)
    .constdata                               0x08007b52   Section       40  _printf_hex_int.o(.constdata)
    uc_hextab                                0x08007b52   Data          20  _printf_hex_int.o(.constdata)
    lc_hextab                                0x08007b66   Data          20  _printf_hex_int.o(.constdata)
    .data                                    0x20000000   Section       20  system_stm32f10x.o(.data)
    .data                                    0x20000014   Section      681  vl53l0x_api.o(.data)
    .data                                    0x200002c0   Section       16  vl53l0x_api_calibration.o(.data)
    .data                                    0x200002d0   Section       57  vl53l0x.o(.data)
    .data                                    0x2000030a   Section        2  vl53l0x_gen.o(.data)
    .data                                    0x2000030c   Section       13  vl53l0x_it.o(.data)
    .data                                    0x2000031a   Section        4  delay.o(.data)
    fac_us                                   0x2000031a   Data           1  delay.o(.data)
    fac_ms                                   0x2000031c   Data           2  delay.o(.data)
    .data                                    0x20000320   Section        6  usart.o(.data)
    .data                                    0x20000326   Section       20  stm32f10x_rcc.o(.data)
    APBAHBPrescTable                         0x20000326   Data          16  stm32f10x_rcc.o(.data)
    ADCPrescTable                            0x20000336   Data           4  stm32f10x_rcc.o(.data)
    .bss                                     0x2000033c   Section      483  vl53l0x.o(.bss)
    buf                                      0x200004ff   Data          32  vl53l0x.o(.bss)
    .bss                                     0x20000520   Section       60  vl53l0x_gen.o(.bss)
    buf                                      0x2000053c   Data          32  vl53l0x_gen.o(.bss)
    .bss                                     0x2000055c   Section      200  usart.o(.bss)
    .bss                                     0x20000624   Section       96  libspace.o(.bss)
    HEAP                                     0x20000688   Section      512  startup_stm32f10x_hd.o(HEAP)
    Heap_Mem                                 0x20000688   Data         512  startup_stm32f10x_hd.o(HEAP)
    STACK                                    0x20000888   Section     1024  startup_stm32f10x_hd.o(STACK)
    Stack_Mem                                0x20000888   Data        1024  startup_stm32f10x_hd.o(STACK)
    __initial_sp                             0x20000c88   Data           0  startup_stm32f10x_hd.o(STACK)

    Global Symbols

    Symbol Name                              Value     Ov Type        Size  Object(Section)

    BuildAttributes$$THM_ISAv4$P$D$K$B$S$PE$A:L22UL41UL21$X:L11$S22US41US21$IEEE1$IW$USESV6$~STKCKD$USESV7$~SHL$OSPACE$ROPI$EBA8$UX$STANDARDLIB$REQ8$PRES8$EABIv2 0x00000000   Number         0  anon$$obj.o ABSOLUTE
    __ARM_use_no_argv                        0x00000000   Number         0  main.o ABSOLUTE
    _printf_flags                            0x00000000   Number         0  printf_stubs.o ABSOLUTE
    _printf_return_value                     0x00000000   Number         0  printf_stubs.o ABSOLUTE
    _printf_sizespec                         0x00000000   Number         0  printf_stubs.o ABSOLUTE
    _printf_widthprec                        0x00000000   Number         0  printf_stubs.o ABSOLUTE
    __ARM_exceptions_init                     - Undefined Weak Reference
    __alloca_initialize                       - Undefined Weak Reference
    __arm_preinit_                            - Undefined Weak Reference
    __cpp_initialize__aeabi_                  - Undefined Weak Reference
    __cxa_finalize                            - Undefined Weak Reference
    __rt_locale                               - Undefined Weak Reference
    __sigvec_lookup                           - Undefined Weak Reference
    _atexit_init                              - Undefined Weak Reference
    _call_atexit_fns                          - Undefined Weak Reference
    _clock_init                               - Undefined Weak Reference
    _fp_trap_init                             - Undefined Weak Reference
    _fp_trap_shutdown                         - Undefined Weak Reference
    _get_lc_collate                           - Undefined Weak Reference
    _get_lc_ctype                             - Undefined Weak Reference
    _get_lc_monetary                          - Undefined Weak Reference
    _get_lc_numeric                           - Undefined Weak Reference
    _get_lc_time                              - Undefined Weak Reference
    _getenv_init                              - Undefined Weak Reference
    _handle_redirection                       - Undefined Weak Reference
    _init_alloc                               - Undefined Weak Reference
    _init_user_alloc                          - Undefined Weak Reference
    _initio                                   - Undefined Weak Reference
    _mutex_acquire                            - Undefined Weak Reference
    _mutex_release                            - Undefined Weak Reference
    _printf_mbtowc                            - Undefined Weak Reference
    _printf_truncate_signed                   - Undefined Weak Reference
    _printf_truncate_unsigned                 - Undefined Weak Reference
    _rand_init                                - Undefined Weak Reference
    _signal_finish                            - Undefined Weak Reference
    _signal_init                              - Undefined Weak Reference
    _terminate_alloc                          - Undefined Weak Reference
    _terminate_user_alloc                     - Undefined Weak Reference
    _terminateio                              - Undefined Weak Reference
    __Vectors_Size                           0x00000130   Number         0  startup_stm32f10x_hd.o ABSOLUTE
    __Vectors                                0x08000000   Data           4  startup_stm32f10x_hd.o(RESET)
    __Vectors_End                            0x08000130   Data           0  startup_stm32f10x_hd.o(RESET)
    __main                                   0x08000131   Thumb Code     8  __main.o(!!!main)
    __scatterload                            0x08000139   Thumb Code     0  __scatter.o(!!!scatter)
    __scatterload_rt2                        0x08000139   Thumb Code    44  __scatter.o(!!!scatter)
    __scatterload_rt2_thumb_only             0x08000139   Thumb Code     0  __scatter.o(!!!scatter)
    __scatterload_null                       0x08000147   Thumb Code     0  __scatter.o(!!!scatter)
    __decompress                             0x0800016d   Thumb Code   100  __dclz77c.o(!!dclz77c)
    __decompress2                            0x0800016d   Thumb Code     0  __dclz77c.o(!!dclz77c)
    __scatterload_zeroinit                   0x080001d1   Thumb Code    28  __scatter_zi.o(!!handler_zi)
    _printf_i                                0x080001ed   Thumb Code     0  _printf_i.o(.ARM.Collect$$_printf_percent$$00000008)
    _printf_percent                          0x080001ed   Thumb Code     0  _printf_percent.o(.ARM.Collect$$_printf_percent$$00000000)
    _printf_d                                0x080001f3   Thumb Code     0  _printf_d.o(.ARM.Collect$$_printf_percent$$00000009)
    _printf_x                                0x080001f9   Thumb Code     0  _printf_x.o(.ARM.Collect$$_printf_percent$$0000000C)
    _printf_s                                0x080001ff   Thumb Code     0  _printf_s.o(.ARM.Collect$$_printf_percent$$00000014)
    _printf_percent_end                      0x08000205   Thumb Code     0  _printf_percent_end.o(.ARM.Collect$$_printf_percent$$00000017)
    __rt_lib_init                            0x08000209   Thumb Code     0  libinit.o(.ARM.Collect$$libinit$$00000000)
    __rt_lib_init_alloca_1                   0x0800020b   Thumb Code     0  libinit2.o(.ARM.Collect$$libinit$$0000002E)
    __rt_lib_init_argv_1                     0x0800020b   Thumb Code     0  libinit2.o(.ARM.Collect$$libinit$$0000002C)
    __rt_lib_init_atexit_1                   0x0800020b   Thumb Code     0  libinit2.o(.ARM.Collect$$libinit$$0000001B)
    __rt_lib_init_clock_1                    0x0800020b   Thumb Code     0  libinit2.o(.ARM.Collect$$libinit$$00000021)
    __rt_lib_init_cpp_1                      0x0800020b   Thumb Code     0  libinit2.o(.ARM.Collect$$libinit$$00000032)
    __rt_lib_init_exceptions_1               0x0800020b   Thumb Code     0  libinit2.o(.ARM.Collect$$libinit$$00000030)
    __rt_lib_init_fp_1                       0x0800020b   Thumb Code     0  libinit2.o(.ARM.Collect$$libinit$$00000002)
    __rt_lib_init_fp_trap_1                  0x0800020b   Thumb Code     0  libinit2.o(.ARM.Collect$$libinit$$0000001F)
    __rt_lib_init_getenv_1                   0x0800020b   Thumb Code     0  libinit2.o(.ARM.Collect$$libinit$$00000023)
    __rt_lib_init_heap_1                     0x0800020b   Thumb Code     0  libinit2.o(.ARM.Collect$$libinit$$0000000A)
    __rt_lib_init_lc_collate_1               0x0800020b   Thumb Code     0  libinit2.o(.ARM.Collect$$libinit$$00000011)
    __rt_lib_init_lc_ctype_1                 0x0800020b   Thumb Code     0  libinit2.o(.ARM.Collect$$libinit$$00000013)
    __rt_lib_init_lc_monetary_1              0x0800020b   Thumb Code     0  libinit2.o(.ARM.Collect$$libinit$$00000015)
    __rt_lib_init_lc_numeric_1               0x0800020b   Thumb Code     0  libinit2.o(.ARM.Collect$$libinit$$00000017)
    __rt_lib_init_lc_time_1                  0x0800020b   Thumb Code     0  libinit2.o(.ARM.Collect$$libinit$$00000019)
    __rt_lib_init_preinit_1                  0x0800020b   Thumb Code     0  libinit2.o(.ARM.Collect$$libinit$$00000004)
    __rt_lib_init_rand_1                     0x0800020b   Thumb Code     0  libinit2.o(.ARM.Collect$$libinit$$0000000E)
    __rt_lib_init_return                     0x0800020b   Thumb Code     0  libinit2.o(.ARM.Collect$$libinit$$00000033)
    __rt_lib_init_signal_1                   0x0800020b   Thumb Code     0  libinit2.o(.ARM.Collect$$libinit$$0000001D)
    __rt_lib_init_stdio_1                    0x0800020b   Thumb Code     0  libinit2.o(.ARM.Collect$$libinit$$00000025)
    __rt_lib_init_user_alloc_1               0x0800020b   Thumb Code     0  libinit2.o(.ARM.Collect$$libinit$$0000000C)
    __rt_lib_shutdown                        0x0800020d   Thumb Code     0  libshutdown.o(.ARM.Collect$$libshutdown$$00000000)
    __rt_lib_shutdown_cpp_1                  0x0800020f   Thumb Code     0  libshutdown2.o(.ARM.Collect$$libshutdown$$00000002)
    __rt_lib_shutdown_fp_trap_1              0x0800020f   Thumb Code     0  libshutdown2.o(.ARM.Collect$$libshutdown$$00000007)
    __rt_lib_shutdown_heap_1                 0x0800020f   Thumb Code     0  libshutdown2.o(.ARM.Collect$$libshutdown$$0000000F)
    __rt_lib_shutdown_return                 0x0800020f   Thumb Code     0  libshutdown2.o(.ARM.Collect$$libshutdown$$00000010)
    __rt_lib_shutdown_signal_1               0x0800020f   Thumb Code     0  libshutdown2.o(.ARM.Collect$$libshutdown$$0000000A)
    __rt_lib_shutdown_stdio_1                0x0800020f   Thumb Code     0  libshutdown2.o(.ARM.Collect$$libshutdown$$00000004)
    __rt_lib_shutdown_user_alloc_1           0x0800020f   Thumb Code     0  libshutdown2.o(.ARM.Collect$$libshutdown$$0000000C)
    __rt_entry                               0x08000211   Thumb Code     0  __rtentry.o(.ARM.Collect$$rtentry$$00000000)
    __rt_entry_presh_1                       0x08000211   Thumb Code     0  __rtentry2.o(.ARM.Collect$$rtentry$$00000002)
    __rt_entry_sh                            0x08000211   Thumb Code     0  __rtentry4.o(.ARM.Collect$$rtentry$$00000004)
    __rt_entry_li                            0x08000217   Thumb Code     0  __rtentry2.o(.ARM.Collect$$rtentry$$0000000A)
    __rt_entry_postsh_1                      0x08000217   Thumb Code     0  __rtentry2.o(.ARM.Collect$$rtentry$$00000009)
    __rt_entry_main                          0x0800021b   Thumb Code     0  __rtentry2.o(.ARM.Collect$$rtentry$$0000000D)
    __rt_entry_postli_1                      0x0800021b   Thumb Code     0  __rtentry2.o(.ARM.Collect$$rtentry$$0000000C)
    __rt_exit                                0x08000223   Thumb Code     0  rtexit.o(.ARM.Collect$$rtexit$$00000000)
    __rt_exit_ls                             0x08000225   Thumb Code     0  rtexit2.o(.ARM.Collect$$rtexit$$00000003)
    __rt_exit_prels_1                        0x08000225   Thumb Code     0  rtexit2.o(.ARM.Collect$$rtexit$$00000002)
    __rt_exit_exit                           0x08000229   Thumb Code     0  rtexit2.o(.ARM.Collect$$rtexit$$00000004)
    main                                     0x08000231   Thumb Code   104  main.o(.text)
    NMI_Handler                              0x080002e9   Thumb Code     2  stm32f10x_it.o(.text)
    HardFault_Handler                        0x080002eb   Thumb Code     4  stm32f10x_it.o(.text)
    MemManage_Handler                        0x080002ef   Thumb Code     4  stm32f10x_it.o(.text)
    BusFault_Handler                         0x080002f3   Thumb Code     4  stm32f10x_it.o(.text)
    UsageFault_Handler                       0x080002f7   Thumb Code     4  stm32f10x_it.o(.text)
    SVC_Handler                              0x080002fb   Thumb Code     2  stm32f10x_it.o(.text)
    DebugMon_Handler                         0x080002fd   Thumb Code     2  stm32f10x_it.o(.text)
    PendSV_Handler                           0x080002ff   Thumb Code     2  stm32f10x_it.o(.text)
    SysTick_Handler                          0x08000301   Thumb Code     2  stm32f10x_it.o(.text)
    SystemInit                               0x080003e3   Thumb Code    78  system_stm32f10x.o(.text)
    SystemCoreClockUpdate                    0x08000431   Thumb Code   142  system_stm32f10x.o(.text)
    LED_Init                                 0x080004e5   Thumb Code    68  led.o(.text)
    OLED_I2C_Init                            0x08000531   Thumb Code    76  oled.o(.text)
    OLED_I2C_Start                           0x0800057d   Thumb Code    48  oled.o(.text)
    OLED_I2C_Stop                            0x080005ad   Thumb Code    36  oled.o(.text)
    OLED_I2C_SendByte                        0x080005d1   Thumb Code    80  oled.o(.text)
    OLED_WriteCommand                        0x08000621   Thumb Code    32  oled.o(.text)
    OLED_WriteData                           0x08000641   Thumb Code    32  oled.o(.text)
    OLED_SetCursor                           0x08000661   Thumb Code    34  oled.o(.text)
    OLED_Clear                               0x08000683   Thumb Code    42  oled.o(.text)
    OLED_ShowChar                            0x080006ad   Thumb Code   110  oled.o(.text)
    OLED_ShowString                          0x0800071b   Thumb Code    40  oled.o(.text)
    OLED_Pow                                 0x08000743   Thumb Code    20  oled.o(.text)
    OLED_ShowNum                             0x08000757   Thumb Code    68  oled.o(.text)
    OLED_ShowSignedNum                       0x0800079b   Thumb Code   102  oled.o(.text)
    OLED_ShowHexNum                          0x08000801   Thumb Code    84  oled.o(.text)
    OLED_ShowBinNum                          0x08000855   Thumb Code    62  oled.o(.text)
    OLED_Init                                0x08000893   Thumb Code   182  oled.o(.text)
    VL53L0X_GetVersion                       0x08000949   Thumb Code    24  vl53l0x_api.o(.text)
    VL53L0X_GetPalSpecVersion                0x08000961   Thumb Code    24  vl53l0x_api.o(.text)
    VL53L0X_GetProductRevision               0x08000979   Thumb Code    38  vl53l0x_api.o(.text)
    VL53L0X_GetDeviceInfo                    0x0800099f   Thumb Code    22  vl53l0x_api.o(.text)
    VL53L0X_GetDeviceErrorStatus             0x080009b5   Thumb Code    34  vl53l0x_api.o(.text)
    VL53L0X_GetDeviceErrorString             0x080009d7   Thumb Code    22  vl53l0x_api.o(.text)
    VL53L0X_GetRangeStatusString             0x080009ed   Thumb Code    22  vl53l0x_api.o(.text)
    VL53L0X_GetPalErrorString                0x08000a03   Thumb Code    22  vl53l0x_api.o(.text)
    VL53L0X_GetPalStateString                0x08000a19   Thumb Code    22  vl53l0x_api.o(.text)
    VL53L0X_GetPalState                      0x08000a2f   Thumb Code    12  vl53l0x_api.o(.text)
    VL53L0X_GetVcselPulsePeriod              0x08000a3b   Thumb Code    30  vl53l0x_api.o(.text)
    VL53L0X_SetMeasurementTimingBudgetMicroSeconds 0x08000a59   Thumb Code    22  vl53l0x_api.o(.text)
    VL53L0X_SetSequenceStepEnable            0x08000a6f   Thumb Code   196  vl53l0x_api.o(.text)
    VL53L0X_GetFractionEnable                0x08000b33   Thumb Code    34  vl53l0x_api.o(.text)
    VL53L0X_GetMeasurementTimingBudgetMicroSeconds 0x08000b55   Thumb Code    22  vl53l0x_api.o(.text)
    VL53L0X_GetWrapAroundCheckEnable         0x08000b6b   Thumb Code    62  vl53l0x_api.o(.text)
    VL53L0X_GetLimitCheckEnable              0x08000ba9   Thumb Code    28  vl53l0x_api.o(.text)
    VL53L0X_GetLimitCheckValue               0x08000bc5   Thumb Code   182  vl53l0x_api.o(.text)
    VL53L0X_GetOffsetCalibrationDataMicroMeter 0x08000c7b   Thumb Code    22  vl53l0x_api.o(.text)
    VL53L0X_GetXTalkCompensationRateMegaCps  0x08000c91   Thumb Code    56  vl53l0x_api.o(.text)
    VL53L0X_GetInterMeasurementPeriodMilliSeconds 0x08000cc9   Thumb Code    62  vl53l0x_api.o(.text)
    VL53L0X_GetDeviceMode                    0x08000d07   Thumb Code    10  vl53l0x_api.o(.text)
    VL53L0X_GetDeviceParameters              0x08000d11   Thumb Code   160  vl53l0x_api.o(.text)
    VL53L0X_ClearInterruptMask               0x08000db1   Thumb Code    82  vl53l0x_api.o(.text)
    VL53L0X_SetGpioConfig                    0x08000e03   Thumb Code   358  vl53l0x_api.o(.text)
    VL53L0X_StaticInit                       0x08000f69   Thumb Code   410  vl53l0x_api.o(.text)
    VL53L0X_SetPowerMode                     0x08001103   Thumb Code    84  vl53l0x_api.o(.text)
    VL53L0X_GetPowerMode                     0x08001157   Thumb Code    48  vl53l0x_api.o(.text)
    VL53L0X_SetOffsetCalibrationDataMicroMeter 0x08001187   Thumb Code    22  vl53l0x_api.o(.text)
    VL53L0X_SetLinearityCorrectiveGain       0x0800119d   Thumb Code    50  vl53l0x_api.o(.text)
    VL53L0X_GetLinearityCorrectiveGain       0x080011cf   Thumb Code    12  vl53l0x_api.o(.text)
    VL53L0X_SetGroupParamHold                0x080011db   Thumb Code     8  vl53l0x_api.o(.text)
    VL53L0X_GetUpperLimitMilliMeter          0x080011e3   Thumb Code     8  vl53l0x_api.o(.text)
    VL53L0X_GetTotalSignalRate               0x080011eb   Thumb Code    40  vl53l0x_api.o(.text)
    VL53L0X_SetDeviceAddress                 0x08001213   Thumb Code    36  vl53l0x_api.o(.text)
    VL53L0X_SetLimitCheckValue               0x08001237   Thumb Code   118  vl53l0x_api.o(.text)
    VL53L0X_SetLimitCheckEnable              0x080012ad   Thumb Code   194  vl53l0x_api.o(.text)
    VL53L0X_DataInit                         0x0800136f   Thumb Code   420  vl53l0x_api.o(.text)
    VL53L0X_SetTuningSettingBuffer           0x08001513   Thumb Code    40  vl53l0x_api.o(.text)
    VL53L0X_GetTuningSettingBuffer           0x0800153b   Thumb Code    20  vl53l0x_api.o(.text)
    VL53L0X_WaitDeviceBooted                 0x0800154f   Thumb Code     8  vl53l0x_api.o(.text)
    VL53L0X_ResetDevice                      0x08001557   Thumb Code   102  vl53l0x_api.o(.text)
    VL53L0X_SetWrapAroundCheckEnable         0x080015bd   Thumb Code    80  vl53l0x_api.o(.text)
    VL53L0X_SetXTalkCompensationRateMegaCps  0x0800160d   Thumb Code    64  vl53l0x_api.o(.text)
    VL53L0X_SetInterMeasurementPeriodMilliSeconds 0x0800164d   Thumb Code    60  vl53l0x_api.o(.text)
    VL53L0X_SetDeviceMode                    0x08001689   Thumb Code    50  vl53l0x_api.o(.text)
    VL53L0X_SetDeviceParameters              0x080016bb   Thumb Code   146  vl53l0x_api.o(.text)
    VL53L0X_SetRangeFractionEnable           0x0800174d   Thumb Code    30  vl53l0x_api.o(.text)
    VL53L0X_SetHistogramMode                 0x0800176b   Thumb Code     8  vl53l0x_api.o(.text)
    VL53L0X_GetHistogramMode                 0x08001773   Thumb Code     8  vl53l0x_api.o(.text)
    VL53L0X_SetVcselPulsePeriod              0x0800177b   Thumb Code    42  vl53l0x_api.o(.text)
    sequence_step_enabled                    0x080017a5   Thumb Code    72  vl53l0x_api.o(.text)
    VL53L0X_GetSequenceStepEnable            0x080017ed   Thumb Code    48  vl53l0x_api.o(.text)
    VL53L0X_GetSequenceStepEnables           0x0800181d   Thumb Code   118  vl53l0x_api.o(.text)
    VL53L0X_GetNumberOfSequenceSteps         0x08001893   Thumb Code    10  vl53l0x_api.o(.text)
    VL53L0X_GetSequenceStepsInfo             0x0800189d   Thumb Code    22  vl53l0x_api.o(.text)
    VL53L0X_SetSequenceStepTimeout           0x080018b3   Thumb Code   110  vl53l0x_api.o(.text)
    VL53L0X_GetSequenceStepTimeout           0x08001921   Thumb Code    56  vl53l0x_api.o(.text)
    VL53L0X_SetXTalkCompensationEnable       0x08001959   Thumb Code    62  vl53l0x_api.o(.text)
    VL53L0X_GetXTalkCompensationEnable       0x08001997   Thumb Code    12  vl53l0x_api.o(.text)
    VL53L0X_SetRefCalibration                0x080019a3   Thumb Code    30  vl53l0x_api.o(.text)
    VL53L0X_GetRefCalibration                0x080019c1   Thumb Code    30  vl53l0x_api.o(.text)
    VL53L0X_GetNumberOfLimitCheck            0x080019df   Thumb Code    10  vl53l0x_api.o(.text)
    VL53L0X_GetLimitCheckInfo                0x080019e9   Thumb Code    30  vl53l0x_api.o(.text)
    VL53L0X_GetLimitCheckStatus              0x08001a07   Thumb Code    24  vl53l0x_api.o(.text)
    VL53L0X_GetLimitCheckCurrent             0x08001a1f   Thumb Code   136  vl53l0x_api.o(.text)
    VL53L0X_SetDmaxCalParameters             0x08001aa7   Thumb Code    62  vl53l0x_api.o(.text)
    VL53L0X_GetDmaxCalParameters             0x08001ae5   Thumb Code    20  vl53l0x_api.o(.text)
    VL53L0X_GetInterruptThresholds           0x08001af9   Thumb Code    66  vl53l0x_api.o(.text)
    VL53L0X_CheckAndLoadInterruptSettings    0x08001b3b   Thumb Code   126  vl53l0x_api.o(.text)
    VL53L0X_StartMeasurement                 0x08001bb9   Thumb Code   268  vl53l0x_api.o(.text)
    VL53L0X_PerformSingleMeasurement         0x08001cc5   Thumb Code    60  vl53l0x_api.o(.text)
    VL53L0X_PerformSingleHistogramMeasurement 0x08001d01   Thumb Code     8  vl53l0x_api.o(.text)
    VL53L0X_PerformRefCalibration            0x08001d09   Thumb Code    32  vl53l0x_api.o(.text)
    VL53L0X_PerformXTalkMeasurement          0x08001d29   Thumb Code    10  vl53l0x_api.o(.text)
    VL53L0X_PerformXTalkCalibration          0x08001d33   Thumb Code    30  vl53l0x_api.o(.text)
    VL53L0X_PerformOffsetCalibration         0x08001d51   Thumb Code    30  vl53l0x_api.o(.text)
    VL53L0X_StopMeasurement                  0x08001d6f   Thumb Code   102  vl53l0x_api.o(.text)
    VL53L0X_GetInterruptMaskStatus           0x08001dd5   Thumb Code    48  vl53l0x_api.o(.text)
    VL53L0X_GetMeasurementDataReady          0x08001e05   Thumb Code    86  vl53l0x_api.o(.text)
    VL53L0X_WaitDeviceReadyForNewMeasurement 0x08001e5b   Thumb Code     8  vl53l0x_api.o(.text)
    VL53L0X_GetRangingMeasurementData        0x08001e63   Thumb Code   372  vl53l0x_api.o(.text)
    VL53L0X_GetMeasurementRefSignal          0x08001fd7   Thumb Code    46  vl53l0x_api.o(.text)
    VL53L0X_GetHistogramMeasurementData      0x08002005   Thumb Code     8  vl53l0x_api.o(.text)
    VL53L0X_PerformSingleRangingMeasurement  0x0800200d   Thumb Code    56  vl53l0x_api.o(.text)
    VL53L0X_SetNumberOfROIZones              0x08002045   Thumb Code    12  vl53l0x_api.o(.text)
    VL53L0X_GetNumberOfROIZones              0x08002051   Thumb Code    10  vl53l0x_api.o(.text)
    VL53L0X_GetMaxNumberOfROIZones           0x0800205b   Thumb Code    10  vl53l0x_api.o(.text)
    VL53L0X_GetGpioConfig                    0x08002065   Thumb Code   160  vl53l0x_api.o(.text)
    VL53L0X_SetInterruptThresholds           0x08002105   Thumb Code    54  vl53l0x_api.o(.text)
    VL53L0X_GetStopCompletedStatus           0x0800213b   Thumb Code   154  vl53l0x_api.o(.text)
    VL53L0X_EnableInterruptMask              0x080021d5   Thumb Code     8  vl53l0x_api.o(.text)
    VL53L0X_SetSpadAmbientDamperThreshold    0x080021dd   Thumb Code    48  vl53l0x_api.o(.text)
    VL53L0X_GetSpadAmbientDamperThreshold    0x0800220d   Thumb Code    48  vl53l0x_api.o(.text)
    VL53L0X_SetSpadAmbientDamperFactor       0x0800223d   Thumb Code    54  vl53l0x_api.o(.text)
    VL53L0X_GetSpadAmbientDamperFactor       0x08002273   Thumb Code    54  vl53l0x_api.o(.text)
    VL53L0X_SetReferenceSpads                0x080022a9   Thumb Code    30  vl53l0x_api.o(.text)
    VL53L0X_GetReferenceSpads                0x080022c7   Thumb Code    30  vl53l0x_api.o(.text)
    VL53L0X_PerformRefSpadManagement         0x080022e5   Thumb Code    30  vl53l0x_api.o(.text)
    VL53L0X_perform_xtalk_calibration        0x08002305   Thumb Code   296  vl53l0x_api_calibration.o(.text)
    VL53L0X_perform_offset_calibration       0x0800242d   Thumb Code   228  vl53l0x_api_calibration.o(.text)
    VL53L0X_set_offset_calibration_data_micro_meter 0x08002511   Thumb Code    74  vl53l0x_api_calibration.o(.text)
    VL53L0X_get_offset_calibration_data_micro_meter 0x0800255b   Thumb Code    86  vl53l0x_api_calibration.o(.text)
    VL53L0X_apply_offset_adjustment          0x080025b1   Thumb Code    58  vl53l0x_api_calibration.o(.text)
    get_next_good_spad                       0x080025eb   Thumb Code   104  vl53l0x_api_calibration.o(.text)
    is_aperture                              0x08002653   Thumb Code    18  vl53l0x_api_calibration.o(.text)
    enable_spad_bit                          0x08002665   Thumb Code    50  vl53l0x_api_calibration.o(.text)
    count_enabled_spads                      0x08002697   Thumb Code   180  vl53l0x_api_calibration.o(.text)
    set_ref_spad_map                         0x0800274b   Thumb Code    24  vl53l0x_api_calibration.o(.text)
    get_ref_spad_map                         0x08002763   Thumb Code    24  vl53l0x_api_calibration.o(.text)
    enable_ref_spads                         0x0800277b   Thumb Code   172  vl53l0x_api_calibration.o(.text)
    perform_ref_signal_measurement           0x08002827   Thumb Code   110  vl53l0x_api_calibration.o(.text)
    VL53L0X_ref_calibration_io               0x08002895   Thumb Code   190  vl53l0x_api_calibration.o(.text)
    VL53L0X_perform_single_ref_calibration   0x08002953   Thumb Code    64  vl53l0x_api_calibration.o(.text)
    VL53L0X_perform_phase_calibration        0x08002993   Thumb Code   124  vl53l0x_api_calibration.o(.text)
    VL53L0X_perform_vhv_calibration          0x08002a0f   Thumb Code   126  vl53l0x_api_calibration.o(.text)
    VL53L0X_perform_ref_calibration          0x08002a8d   Thumb Code    76  vl53l0x_api_calibration.o(.text)
    VL53L0X_perform_ref_spad_management      0x08002ad9   Thumb Code   658  vl53l0x_api_calibration.o(.text)
    VL53L0X_set_reference_spads              0x08002d6b   Thumb Code   194  vl53l0x_api_calibration.o(.text)
    VL53L0X_get_reference_spads              0x08002e2d   Thumb Code   120  vl53l0x_api_calibration.o(.text)
    VL53L0X_set_ref_calibration              0x08002ea5   Thumb Code    46  vl53l0x_api_calibration.o(.text)
    VL53L0X_get_ref_calibration              0x08002ed3   Thumb Code    48  vl53l0x_api_calibration.o(.text)
    VL53L0X_reverse_bytes                    0x08002f05   Thumb Code    34  vl53l0x_api_core.o(.text)
    VL53L0X_measurement_poll_for_completion  0x08002f27   Thumb Code    66  vl53l0x_api_core.o(.text)
    VL53L0X_decode_vcsel_period              0x08002f69   Thumb Code    12  vl53l0x_api_core.o(.text)
    VL53L0X_encode_vcsel_period              0x08002f75   Thumb Code    14  vl53l0x_api_core.o(.text)
    VL53L0X_isqrt                            0x08002f83   Thumb Code    44  vl53l0x_api_core.o(.text)
    VL53L0X_quadrature_sum                   0x08002faf   Thumb Code    44  vl53l0x_api_core.o(.text)
    VL53L0X_device_read_strobe               0x08002fdb   Thumb Code    82  vl53l0x_api_core.o(.text)
    VL53L0X_get_info_from_device             0x0800302d   Thumb Code  1354  vl53l0x_api_core.o(.text)
    VL53L0X_calc_macro_period_ps             0x08003577   Thumb Code    22  vl53l0x_api_core.o(.text)
    VL53L0X_encode_timeout                   0x0800358d   Thumb Code    40  vl53l0x_api_core.o(.text)
    VL53L0X_decode_timeout                   0x080035b5   Thumb Code    14  vl53l0x_api_core.o(.text)
    VL53L0X_calc_timeout_mclks               0x080035c3   Thumb Code    52  vl53l0x_api_core.o(.text)
    VL53L0X_calc_timeout_us                  0x080035f7   Thumb Code    52  vl53l0x_api_core.o(.text)
    get_sequence_step_timeout                0x0800362b   Thumb Code   290  vl53l0x_api_core.o(.text)
    set_sequence_step_timeout                0x0800374d   Thumb Code   306  vl53l0x_api_core.o(.text)
    VL53L0X_set_vcsel_pulse_period           0x0800387f   Thumb Code   766  vl53l0x_api_core.o(.text)
    VL53L0X_get_vcsel_pulse_period           0x08003b7d   Thumb Code    70  vl53l0x_api_core.o(.text)
    VL53L0X_set_measurement_timing_budget_micro_seconds 0x08003bc3   Thumb Code   294  vl53l0x_api_core.o(.text)
    VL53L0X_get_measurement_timing_budget_micro_seconds 0x08003ce9   Thumb Code   238  vl53l0x_api_core.o(.text)
    VL53L0X_load_tuning_settings             0x08003dd7   Thumb Code   234  vl53l0x_api_core.o(.text)
    VL53L0X_get_total_xtalk_rate             0x08003ec1   Thumb Code    58  vl53l0x_api_core.o(.text)
    VL53L0X_get_total_signal_rate            0x08003efb   Thumb Code    40  vl53l0x_api_core.o(.text)
    VL53L0X_calc_dmax                        0x08003f23   Thumb Code   390  vl53l0x_api_core.o(.text)
    VL53L0X_calc_sigma_estimate              0x080040a9   Thumb Code   788  vl53l0x_api_core.o(.text)
    VL53L0X_get_pal_range_status             0x080043bd   Thumb Code   564  vl53l0x_api_core.o(.text)
    VL53L0X_check_part_used                  0x080045f1   Thumb Code    74  vl53l0x_api_strings.o(.text)
    VL53L0X_get_device_info                  0x0800463b   Thumb Code   152  vl53l0x_api_strings.o(.text)
    VL53L0X_get_device_error_string          0x080046d3   Thumb Code   198  vl53l0x_api_strings.o(.text)
    VL53L0X_get_range_status_string          0x08004799   Thumb Code    98  vl53l0x_api_strings.o(.text)
    VL53L0X_get_pal_error_string             0x080047fb   Thumb Code   298  vl53l0x_api_strings.o(.text)
    VL53L0X_get_pal_state_string             0x08004925   Thumb Code  1078  vl53l0x_api_strings.o(.text)
    VL53L0X_get_sequence_steps_info          0x08004d5b   Thumb Code    84  vl53l0x_api_strings.o(.text)
    VL53L0X_get_limit_check_info             0x08004daf   Thumb Code   106  vl53l0x_api_strings.o(.text)
    print_pal_error                          0x08004f35   Thumb Code    28  vl53l0x.o(.text)
    mode_string                              0x08004f51   Thumb Code    66  vl53l0x.o(.text)
    vl53l0x_Addr_set                         0x08004f93   Thumb Code   150  vl53l0x.o(.text)
    vl53l0x_reset                            0x08005029   Thumb Code    56  vl53l0x.o(.text)
    vl53l0x_init                             0x08005061   Thumb Code   160  vl53l0x.o(.text)
    VL53L0X_MainInit                         0x08005101   Thumb Code   190  vl53l0x.o(.text)
    VL53L0X_GetDistance                      0x080051bf   Thumb Code    82  vl53l0x.o(.text)
    vl53l0x_info                             0x08005211   Thumb Code    70  vl53l0x.o(.text)
    One_measurement                          0x08005257   Thumb Code    32  vl53l0x.o(.text)
    vl53l0x_set_mode                         0x080054a5   Thumb Code   298  vl53l0x_gen.o(.text)
    vl53l0x_start_single_test                0x080055cf   Thumb Code    58  vl53l0x_gen.o(.text)
    vl53l0x_general_start                    0x08005609   Thumb Code    90  vl53l0x_gen.o(.text)
    vl53l0x_general_test                     0x08005663   Thumb Code    16  vl53l0x_gen.o(.text)
    EXTI4_IRQHandler                         0x0800573b   Thumb Code    16  vl53l0x_it.o(.text)
    vl53l0x_interrupt_start                  0x0800574b   Thumb Code   448  vl53l0x_it.o(.text)
    VL53L0X_i2c_init                         0x08005935   Thumb Code    46  vl53l0x_i2c.o(.text)
    VL_IIC_Start                             0x08005963   Thumb Code    64  vl53l0x_i2c.o(.text)
    VL_IIC_Stop                              0x080059a3   Thumb Code    66  vl53l0x_i2c.o(.text)
    VL_IIC_Wait_Ack                          0x080059e5   Thumb Code    86  vl53l0x_i2c.o(.text)
    VL_IIC_Ack                               0x08005a3b   Thumb Code    70  vl53l0x_i2c.o(.text)
    VL_IIC_NAck                              0x08005a81   Thumb Code    70  vl53l0x_i2c.o(.text)
    VL_IIC_Send_Byte                         0x08005ac7   Thumb Code   104  vl53l0x_i2c.o(.text)
    VL_IIC_Read_Byte                         0x08005b2f   Thumb Code   112  vl53l0x_i2c.o(.text)
    VL_IIC_Write_1Byte                       0x08005b9f   Thumb Code    60  vl53l0x_i2c.o(.text)
    VL_IIC_Read_1Byte                        0x08005bdb   Thumb Code    72  vl53l0x_i2c.o(.text)
    VL_IIC_Write_nByte                       0x08005c23   Thumb Code    80  vl53l0x_i2c.o(.text)
    VL_IIC_Read_nByte                        0x08005c73   Thumb Code   110  vl53l0x_i2c.o(.text)
    VL53L0X_write_multi                      0x08005ce1   Thumb Code    40  vl53l0x_i2c.o(.text)
    VL53L0X_read_multi                       0x08005d09   Thumb Code    52  vl53l0x_i2c.o(.text)
    VL53L0X_write_byte                       0x08005d3d   Thumb Code    26  vl53l0x_i2c.o(.text)
    VL53L0X_write_word                       0x08005d57   Thumb Code    86  vl53l0x_i2c.o(.text)
    VL53L0X_write_dword                      0x08005dad   Thumb Code    52  vl53l0x_i2c.o(.text)
    VL53L0X_read_byte                        0x08005de1   Thumb Code    32  vl53l0x_i2c.o(.text)
    VL53L0X_read_word                        0x08005e01   Thumb Code    42  vl53l0x_i2c.o(.text)
    VL53L0X_read_dword                       0x08005e2b   Thumb Code    58  vl53l0x_i2c.o(.text)
    VL53L0X_WriteMulti                       0x08005e65   Thumb Code    60  vl53l0x_platform.o(.text)
    VL53L0X_ReadMulti                        0x08005ea1   Thumb Code    54  vl53l0x_platform.o(.text)
    VL53L0X_WrByte                           0x08005ed7   Thumb Code    44  vl53l0x_platform.o(.text)
    VL53L0X_WrWord                           0x08005f03   Thumb Code    44  vl53l0x_platform.o(.text)
    VL53L0X_WrDWord                          0x08005f2f   Thumb Code    44  vl53l0x_platform.o(.text)
    VL53L0X_UpdateByte                       0x08005f5b   Thumb Code    82  vl53l0x_platform.o(.text)
    VL53L0X_RdByte                           0x08005fad   Thumb Code    44  vl53l0x_platform.o(.text)
    VL53L0X_RdWord                           0x08005fd9   Thumb Code    44  vl53l0x_platform.o(.text)
    VL53L0X_RdDWord                          0x08006005   Thumb Code    44  vl53l0x_platform.o(.text)
    VL53L0X_PollingDelay                     0x08006031   Thumb Code    26  vl53l0x_platform.o(.text)
    delay_init                               0x0800604d   Thumb Code    50  delay.o(.text)
    delay_us                                 0x0800607f   Thumb Code    72  delay.o(.text)
    delay_ms                                 0x080060c7   Thumb Code    72  delay.o(.text)
    _sys_exit                                0x08006121   Thumb Code     4  usart.o(.text)
    fputc                                    0x08006125   Thumb Code    24  usart.o(.text)
    uart_init                                0x0800613d   Thumb Code   152  usart.o(.text)
    USART1_IRQHandler                        0x080061d5   Thumb Code   122  usart.o(.text)
    Reset_Handler                            0x08006261   Thumb Code     8  startup_stm32f10x_hd.o(.text)
    ADC1_2_IRQHandler                        0x0800627b   Thumb Code     0  startup_stm32f10x_hd.o(.text)
    ADC3_IRQHandler                          0x0800627b   Thumb Code     0  startup_stm32f10x_hd.o(.text)
    CAN1_RX1_IRQHandler                      0x0800627b   Thumb Code     0  startup_stm32f10x_hd.o(.text)
    CAN1_SCE_IRQHandler                      0x0800627b   Thumb Code     0  startup_stm32f10x_hd.o(.text)
    DMA1_Channel1_IRQHandler                 0x0800627b   Thumb Code     0  startup_stm32f10x_hd.o(.text)
    DMA1_Channel2_IRQHandler                 0x0800627b   Thumb Code     0  startup_stm32f10x_hd.o(.text)
    DMA1_Channel3_IRQHandler                 0x0800627b   Thumb Code     0  startup_stm32f10x_hd.o(.text)
    DMA1_Channel4_IRQHandler                 0x0800627b   Thumb Code     0  startup_stm32f10x_hd.o(.text)
    DMA1_Channel5_IRQHandler                 0x0800627b   Thumb Code     0  startup_stm32f10x_hd.o(.text)
    DMA1_Channel6_IRQHandler                 0x0800627b   Thumb Code     0  startup_stm32f10x_hd.o(.text)
    DMA1_Channel7_IRQHandler                 0x0800627b   Thumb Code     0  startup_stm32f10x_hd.o(.text)
    DMA2_Channel1_IRQHandler                 0x0800627b   Thumb Code     0  startup_stm32f10x_hd.o(.text)
    DMA2_Channel2_IRQHandler                 0x0800627b   Thumb Code     0  startup_stm32f10x_hd.o(.text)
    DMA2_Channel3_IRQHandler                 0x0800627b   Thumb Code     0  startup_stm32f10x_hd.o(.text)
    DMA2_Channel4_5_IRQHandler               0x0800627b   Thumb Code     0  startup_stm32f10x_hd.o(.text)
    EXTI0_IRQHandler                         0x0800627b   Thumb Code     0  startup_stm32f10x_hd.o(.text)
    EXTI15_10_IRQHandler                     0x0800627b   Thumb Code     0  startup_stm32f10x_hd.o(.text)
    EXTI1_IRQHandler                         0x0800627b   Thumb Code     0  startup_stm32f10x_hd.o(.text)
    EXTI2_IRQHandler                         0x0800627b   Thumb Code     0  startup_stm32f10x_hd.o(.text)
    EXTI3_IRQHandler                         0x0800627b   Thumb Code     0  startup_stm32f10x_hd.o(.text)
    EXTI9_5_IRQHandler                       0x0800627b   Thumb Code     0  startup_stm32f10x_hd.o(.text)
    FLASH_IRQHandler                         0x0800627b   Thumb Code     0  startup_stm32f10x_hd.o(.text)
    FSMC_IRQHandler                          0x0800627b   Thumb Code     0  startup_stm32f10x_hd.o(.text)
    I2C1_ER_IRQHandler                       0x0800627b   Thumb Code     0  startup_stm32f10x_hd.o(.text)
    I2C1_EV_IRQHandler                       0x0800627b   Thumb Code     0  startup_stm32f10x_hd.o(.text)
    I2C2_ER_IRQHandler                       0x0800627b   Thumb Code     0  startup_stm32f10x_hd.o(.text)
    I2C2_EV_IRQHandler                       0x0800627b   Thumb Code     0  startup_stm32f10x_hd.o(.text)
    PVD_IRQHandler                           0x0800627b   Thumb Code     0  startup_stm32f10x_hd.o(.text)
    RCC_IRQHandler                           0x0800627b   Thumb Code     0  startup_stm32f10x_hd.o(.text)
    RTCAlarm_IRQHandler                      0x0800627b   Thumb Code     0  startup_stm32f10x_hd.o(.text)
    RTC_IRQHandler                           0x0800627b   Thumb Code     0  startup_stm32f10x_hd.o(.text)
    SDIO_IRQHandler                          0x0800627b   Thumb Code     0  startup_stm32f10x_hd.o(.text)
    SPI1_IRQHandler                          0x0800627b   Thumb Code     0  startup_stm32f10x_hd.o(.text)
    SPI2_IRQHandler                          0x0800627b   Thumb Code     0  startup_stm32f10x_hd.o(.text)
    SPI3_IRQHandler                          0x0800627b   Thumb Code     0  startup_stm32f10x_hd.o(.text)
    TAMPER_IRQHandler                        0x0800627b   Thumb Code     0  startup_stm32f10x_hd.o(.text)
    TIM1_BRK_IRQHandler                      0x0800627b   Thumb Code     0  startup_stm32f10x_hd.o(.text)
    TIM1_CC_IRQHandler                       0x0800627b   Thumb Code     0  startup_stm32f10x_hd.o(.text)
    TIM1_TRG_COM_IRQHandler                  0x0800627b   Thumb Code     0  startup_stm32f10x_hd.o(.text)
    TIM1_UP_IRQHandler                       0x0800627b   Thumb Code     0  startup_stm32f10x_hd.o(.text)
    TIM2_IRQHandler                          0x0800627b   Thumb Code     0  startup_stm32f10x_hd.o(.text)
    TIM3_IRQHandler                          0x0800627b   Thumb Code     0  startup_stm32f10x_hd.o(.text)
    TIM4_IRQHandler                          0x0800627b   Thumb Code     0  startup_stm32f10x_hd.o(.text)
    TIM5_IRQHandler                          0x0800627b   Thumb Code     0  startup_stm32f10x_hd.o(.text)
    TIM6_IRQHandler                          0x0800627b   Thumb Code     0  startup_stm32f10x_hd.o(.text)
    TIM7_IRQHandler                          0x0800627b   Thumb Code     0  startup_stm32f10x_hd.o(.text)
    TIM8_BRK_IRQHandler                      0x0800627b   Thumb Code     0  startup_stm32f10x_hd.o(.text)
    TIM8_CC_IRQHandler                       0x0800627b   Thumb Code     0  startup_stm32f10x_hd.o(.text)
    TIM8_TRG_COM_IRQHandler                  0x0800627b   Thumb Code     0  startup_stm32f10x_hd.o(.text)
    TIM8_UP_IRQHandler                       0x0800627b   Thumb Code     0  startup_stm32f10x_hd.o(.text)
    UART4_IRQHandler                         0x0800627b   Thumb Code     0  startup_stm32f10x_hd.o(.text)
    UART5_IRQHandler                         0x0800627b   Thumb Code     0  startup_stm32f10x_hd.o(.text)
    USART2_IRQHandler                        0x0800627b   Thumb Code     0  startup_stm32f10x_hd.o(.text)
    USART3_IRQHandler                        0x0800627b   Thumb Code     0  startup_stm32f10x_hd.o(.text)
    USBWakeUp_IRQHandler                     0x0800627b   Thumb Code     0  startup_stm32f10x_hd.o(.text)
    USB_HP_CAN1_TX_IRQHandler                0x0800627b   Thumb Code     0  startup_stm32f10x_hd.o(.text)
    USB_LP_CAN1_RX0_IRQHandler               0x0800627b   Thumb Code     0  startup_stm32f10x_hd.o(.text)
    WWDG_IRQHandler                          0x0800627b   Thumb Code     0  startup_stm32f10x_hd.o(.text)
    __user_initial_stackheap                 0x0800627d   Thumb Code     0  startup_stm32f10x_hd.o(.text)
    NVIC_PriorityGroupConfig                 0x080062a1   Thumb Code    10  misc.o(.text)
    NVIC_Init                                0x080062ab   Thumb Code   100  misc.o(.text)
    NVIC_SetVectorTable                      0x0800630f   Thumb Code    14  misc.o(.text)
    NVIC_SystemLPConfig                      0x0800631d   Thumb Code    34  misc.o(.text)
    SysTick_CLKSourceConfig                  0x0800633f   Thumb Code    40  misc.o(.text)
    GPIO_DeInit                              0x0800637d   Thumb Code   172  stm32f10x_gpio.o(.text)
    GPIO_AFIODeInit                          0x08006429   Thumb Code    20  stm32f10x_gpio.o(.text)
    GPIO_Init                                0x0800643d   Thumb Code   278  stm32f10x_gpio.o(.text)
    GPIO_StructInit                          0x08006553   Thumb Code    16  stm32f10x_gpio.o(.text)
    GPIO_ReadInputDataBit                    0x08006563   Thumb Code    18  stm32f10x_gpio.o(.text)
    GPIO_ReadInputData                       0x08006575   Thumb Code     8  stm32f10x_gpio.o(.text)
    GPIO_ReadOutputDataBit                   0x0800657d   Thumb Code    18  stm32f10x_gpio.o(.text)
    GPIO_ReadOutputData                      0x0800658f   Thumb Code     8  stm32f10x_gpio.o(.text)
    GPIO_SetBits                             0x08006597   Thumb Code     4  stm32f10x_gpio.o(.text)
    GPIO_ResetBits                           0x0800659b   Thumb Code     4  stm32f10x_gpio.o(.text)
    GPIO_WriteBit                            0x0800659f   Thumb Code    10  stm32f10x_gpio.o(.text)
    GPIO_Write                               0x080065a9   Thumb Code     4  stm32f10x_gpio.o(.text)
    GPIO_PinLockConfig                       0x080065ad   Thumb Code    18  stm32f10x_gpio.o(.text)
    GPIO_EventOutputConfig                   0x080065bf   Thumb Code    26  stm32f10x_gpio.o(.text)
    GPIO_EventOutputCmd                      0x080065d9   Thumb Code     6  stm32f10x_gpio.o(.text)
    GPIO_PinRemapConfig                      0x080065df   Thumb Code   138  stm32f10x_gpio.o(.text)
    GPIO_EXTILineConfig                      0x08006669   Thumb Code    66  stm32f10x_gpio.o(.text)
    GPIO_ETH_MediaInterfaceConfig            0x080066ab   Thumb Code     8  stm32f10x_gpio.o(.text)
    RCC_DeInit                               0x080066d9   Thumb Code    64  stm32f10x_rcc.o(.text)
    RCC_HSEConfig                            0x08006719   Thumb Code    70  stm32f10x_rcc.o(.text)
    RCC_GetFlagStatus                        0x0800675f   Thumb Code    56  stm32f10x_rcc.o(.text)
    RCC_WaitForHSEStartUp                    0x08006797   Thumb Code    56  stm32f10x_rcc.o(.text)
    RCC_AdjustHSICalibrationValue            0x080067cf   Thumb Code    20  stm32f10x_rcc.o(.text)
    RCC_HSICmd                               0x080067e3   Thumb Code     6  stm32f10x_rcc.o(.text)
    RCC_PLLConfig                            0x080067e9   Thumb Code    24  stm32f10x_rcc.o(.text)
    RCC_PLLCmd                               0x08006801   Thumb Code     6  stm32f10x_rcc.o(.text)
    RCC_SYSCLKConfig                         0x08006807   Thumb Code    18  stm32f10x_rcc.o(.text)
    RCC_GetSYSCLKSource                      0x08006819   Thumb Code    10  stm32f10x_rcc.o(.text)
    RCC_HCLKConfig                           0x08006823   Thumb Code    18  stm32f10x_rcc.o(.text)
    RCC_PCLK1Config                          0x08006835   Thumb Code    18  stm32f10x_rcc.o(.text)
    RCC_PCLK2Config                          0x08006847   Thumb Code    20  stm32f10x_rcc.o(.text)
    RCC_ITConfig                             0x0800685b   Thumb Code    26  stm32f10x_rcc.o(.text)
    RCC_USBCLKConfig                         0x08006875   Thumb Code     8  stm32f10x_rcc.o(.text)
    RCC_ADCCLKConfig                         0x0800687d   Thumb Code    18  stm32f10x_rcc.o(.text)
    RCC_LSEConfig                            0x0800688f   Thumb Code    50  stm32f10x_rcc.o(.text)
    RCC_LSICmd                               0x080068c1   Thumb Code     6  stm32f10x_rcc.o(.text)
    RCC_RTCCLKConfig                         0x080068c7   Thumb Code    12  stm32f10x_rcc.o(.text)
    RCC_RTCCLKCmd                            0x080068d3   Thumb Code     8  stm32f10x_rcc.o(.text)
    RCC_GetClocksFreq                        0x080068db   Thumb Code   192  stm32f10x_rcc.o(.text)
    RCC_AHBPeriphClockCmd                    0x0800699b   Thumb Code    26  stm32f10x_rcc.o(.text)
    RCC_APB2PeriphClockCmd                   0x080069b5   Thumb Code    26  stm32f10x_rcc.o(.text)
    RCC_APB1PeriphClockCmd                   0x080069cf   Thumb Code    26  stm32f10x_rcc.o(.text)
    RCC_APB2PeriphResetCmd                   0x080069e9   Thumb Code    26  stm32f10x_rcc.o(.text)
    RCC_APB1PeriphResetCmd                   0x08006a03   Thumb Code    26  stm32f10x_rcc.o(.text)
    RCC_BackupResetCmd                       0x08006a1d   Thumb Code     8  stm32f10x_rcc.o(.text)
    RCC_ClockSecuritySystemCmd               0x08006a25   Thumb Code     6  stm32f10x_rcc.o(.text)
    RCC_MCOConfig                            0x08006a2b   Thumb Code     6  stm32f10x_rcc.o(.text)
    RCC_ClearFlag                            0x08006a31   Thumb Code    14  stm32f10x_rcc.o(.text)
    RCC_GetITStatus                          0x08006a3f   Thumb Code    20  stm32f10x_rcc.o(.text)
    RCC_ClearITPendingBit                    0x08006a53   Thumb Code     6  stm32f10x_rcc.o(.text)
    USART_DeInit                             0x08006a7d   Thumb Code   134  stm32f10x_usart.o(.text)
    USART_Init                               0x08006b03   Thumb Code   210  stm32f10x_usart.o(.text)
    USART_StructInit                         0x08006bd5   Thumb Code    24  stm32f10x_usart.o(.text)
    USART_ClockInit                          0x08006bed   Thumb Code    34  stm32f10x_usart.o(.text)
    USART_ClockStructInit                    0x08006c0f   Thumb Code    12  stm32f10x_usart.o(.text)
    USART_Cmd                                0x08006c1b   Thumb Code    24  stm32f10x_usart.o(.text)
    USART_ITConfig                           0x08006c33   Thumb Code    74  stm32f10x_usart.o(.text)
    USART_DMACmd                             0x08006c7d   Thumb Code    18  stm32f10x_usart.o(.text)
    USART_SetAddress                         0x08006c8f   Thumb Code    18  stm32f10x_usart.o(.text)
    USART_WakeUpConfig                       0x08006ca1   Thumb Code    18  stm32f10x_usart.o(.text)
    USART_ReceiverWakeUpCmd                  0x08006cb3   Thumb Code    24  stm32f10x_usart.o(.text)
    USART_LINBreakDetectLengthConfig         0x08006ccb   Thumb Code    18  stm32f10x_usart.o(.text)
    USART_LINCmd                             0x08006cdd   Thumb Code    24  stm32f10x_usart.o(.text)
    USART_SendData                           0x08006cf5   Thumb Code     8  stm32f10x_usart.o(.text)
    USART_ReceiveData                        0x08006cfd   Thumb Code    10  stm32f10x_usart.o(.text)
    USART_SendBreak                          0x08006d07   Thumb Code    10  stm32f10x_usart.o(.text)
    USART_SetGuardTime                       0x08006d11   Thumb Code    16  stm32f10x_usart.o(.text)
    USART_SetPrescaler                       0x08006d21   Thumb Code    16  stm32f10x_usart.o(.text)
    USART_SmartCardCmd                       0x08006d31   Thumb Code    24  stm32f10x_usart.o(.text)
    USART_SmartCardNACKCmd                   0x08006d49   Thumb Code    24  stm32f10x_usart.o(.text)
    USART_HalfDuplexCmd                      0x08006d61   Thumb Code    24  stm32f10x_usart.o(.text)
    USART_OverSampling8Cmd                   0x08006d79   Thumb Code    22  stm32f10x_usart.o(.text)
    USART_OneBitMethodCmd                    0x08006d8f   Thumb Code    24  stm32f10x_usart.o(.text)
    USART_IrDAConfig                         0x08006da7   Thumb Code    18  stm32f10x_usart.o(.text)
    USART_IrDACmd                            0x08006db9   Thumb Code    24  stm32f10x_usart.o(.text)
    USART_GetFlagStatus                      0x08006dd1   Thumb Code    26  stm32f10x_usart.o(.text)
    USART_ClearFlag                          0x08006deb   Thumb Code    18  stm32f10x_usart.o(.text)
    USART_GetITStatus                        0x08006dfd   Thumb Code    84  stm32f10x_usart.o(.text)
    USART_ClearITPendingBit                  0x08006e51   Thumb Code    52  stm32f10x_usart.o(.text)
    EXTI_DeInit                              0x08006e85   Thumb Code    28  stm32f10x_exti.o(.text)
    EXTI_Init                                0x08006ea1   Thumb Code   142  stm32f10x_exti.o(.text)
    EXTI_StructInit                          0x08006f2f   Thumb Code    16  stm32f10x_exti.o(.text)
    EXTI_GenerateSWInterrupt                 0x08006f3f   Thumb Code    16  stm32f10x_exti.o(.text)
    EXTI_GetFlagStatus                       0x08006f4f   Thumb Code    22  stm32f10x_exti.o(.text)
    EXTI_ClearFlag                           0x08006f65   Thumb Code     8  stm32f10x_exti.o(.text)
    EXTI_GetITStatus                         0x08006f6d   Thumb Code    34  stm32f10x_exti.o(.text)
    EXTI_ClearITPendingBit                   0x08006f8f   Thumb Code     8  stm32f10x_exti.o(.text)
    __use_no_semihosting                     0x08006fa1   Thumb Code     2  use_no_semi_2.o(.text)
    __2printf                                0x08006fa5   Thumb Code    20  noretval__2printf.o(.text)
    __2sprintf                               0x08006fbd   Thumb Code    34  noretval__2sprintf.o(.text)
    _printf_pre_padding                      0x08006fe5   Thumb Code    44  _printf_pad.o(.text)
    _printf_post_padding                     0x08007011   Thumb Code    34  _printf_pad.o(.text)
    _printf_str                              0x08007033   Thumb Code    82  _printf_str.o(.text)
    _printf_int_dec                          0x08007085   Thumb Code   104  _printf_dec.o(.text)
    _printf_int_hex                          0x080070fd   Thumb Code    84  _printf_hex_int.o(.text)
    _printf_longlong_hex                     0x080070fd   Thumb Code     0  _printf_hex_int.o(.text)
    __printf                                 0x08007155   Thumb Code   270  __printf_wp.o(.text)
    strcpy                                   0x08007263   Thumb Code    72  strcpy.o(.text)
    __aeabi_memcpy4                          0x080072ab   Thumb Code     0  rt_memcpy_w.o(.text)
    __aeabi_memcpy8                          0x080072ab   Thumb Code     0  rt_memcpy_w.o(.text)
    __rt_memcpy_w                            0x080072ab   Thumb Code   100  rt_memcpy_w.o(.text)
    _memcpy_lastbytes_aligned                0x080072f3   Thumb Code     0  rt_memcpy_w.o(.text)
    __aeabi_memclr                           0x0800730f   Thumb Code     0  rt_memclr.o(.text)
    __rt_memclr                              0x0800730f   Thumb Code    68  rt_memclr.o(.text)
    _memset                                  0x08007313   Thumb Code     0  rt_memclr.o(.text)
    __aeabi_memclr4                          0x08007353   Thumb Code     0  rt_memclr_w.o(.text)
    __aeabi_memclr8                          0x08007353   Thumb Code     0  rt_memclr_w.o(.text)
    __rt_memclr_w                            0x08007353   Thumb Code    78  rt_memclr_w.o(.text)
    _memset_w                                0x08007357   Thumb Code     0  rt_memclr_w.o(.text)
    __use_two_region_memory                  0x080073a1   Thumb Code     2  heapauxi.o(.text)
    __rt_heap_escrow$2region                 0x080073a3   Thumb Code     2  heapauxi.o(.text)
    __rt_heap_expand$2region                 0x080073a5   Thumb Code     2  heapauxi.o(.text)
    __I$use$semihosting                      0x080073a7   Thumb Code     0  use_no_semi.o(.text)
    __use_no_semihosting_swi                 0x080073a7   Thumb Code     2  use_no_semi.o(.text)
    _printf_int_common                       0x080073a9   Thumb Code   178  _printf_intcommon.o(.text)
    _printf_char_common                      0x08007467   Thumb Code    32  _printf_char_common.o(.text)
    _sputc                                   0x0800748d   Thumb Code    10  _sputc.o(.text)
    _printf_cs_common                        0x08007497   Thumb Code    20  _printf_char.o(.text)
    _printf_char                             0x080074ab   Thumb Code    16  _printf_char.o(.text)
    _printf_string                           0x080074bb   Thumb Code     8  _printf_char.o(.text)
    _printf_char_file                        0x080074c5   Thumb Code    32  _printf_char_file.o(.text)
    ferror                                   0x080074e9   Thumb Code     8  ferror.o(.text)
    __user_setup_stackheap                   0x080074f1   Thumb Code    74  sys_stackheap_outer.o(.text)
    exit                                     0x0800753b   Thumb Code    18  exit.o(.text)
    __user_libspace                          0x0800754d   Thumb Code     8  libspace.o(.text)
    __user_perproc_libspace                  0x0800754d   Thumb Code     0  libspace.o(.text)
    __user_perthread_libspace                0x0800754d   Thumb Code     0  libspace.o(.text)
    _is_digit                                0x08007555   Thumb Code    14  __printf_wp.o(i._is_digit)
    OLED_F8x16                               0x08007562   Data        1520  oled.o(.constdata)
    Region$$Table$$Base                      0x08007b7c   Number         0  anon$$obj.o(Region$$Table)
    Region$$Table$$Limit                     0x08007b9c   Number         0  anon$$obj.o(Region$$Table)
    SystemCoreClock                          0x20000000   Data           4  system_stm32f10x.o(.data)
    AHBPrescTable                            0x20000004   Data          16  system_stm32f10x.o(.data)
    DefaultTuningSettings                    0x20000014   Data         243  vl53l0x_api.o(.data)
    InterruptThresholdSettings               0x20000107   Data         438  vl53l0x_api.o(.data)
    refArrayQuadrants                        0x200002c0   Data          16  vl53l0x_api_calibration.o(.data)
    AjustOK                                  0x200002d0   Data           1  vl53l0x.o(.data)
    Mode_data                                0x200002d1   Data          56  vl53l0x.o(.data)
    Distance_data                            0x2000030a   Data           2  vl53l0x_gen.o(.data)
    AlarmModes                               0x2000030c   Data          12  vl53l0x_it.o(.data)
    alarm_flag                               0x20000318   Data           1  vl53l0x_it.o(.data)
    __stdout                                 0x20000320   Data           4  usart.o(.data)
    USART_RX_STA                             0x20000324   Data           2  usart.o(.data)
    vl53l0x_dev                              0x2000033c   Data         352  vl53l0x.o(.bss)
    vl53l0x_dev_info                         0x2000049c   Data          99  vl53l0x.o(.bss)
    vl53l0x_data                             0x20000520   Data          28  vl53l0x_gen.o(.bss)
    USART_RX_BUF                             0x2000055c   Data         200  usart.o(.bss)
    __libspace_start                         0x20000624   Data          96  libspace.o(.bss)
    __temporary_stack_top$libspace           0x20000684   Data           0  libspace.o(.bss)



==============================================================================

Memory Map of the image

  Image Entry point : 0x08000131

  Load Region LR_IROM1 (Base: 0x08000000, Size: 0x00007ed8, Max: 0x00080000, ABSOLUTE, COMPRESSED[0x00007e74])

    Execution Region ER_IROM1 (Exec base: 0x08000000, Load base: 0x08000000, Size: 0x00007b9c, Max: 0x00080000, ABSOLUTE)

    Exec Addr    Load Addr    Size         Type   Attr      Idx    E Section Name        Object

    0x08000000   0x08000000   0x00000130   Data   RO          509    RESET               startup_stm32f10x_hd.o
    0x08000130   0x08000130   0x00000008   Code   RO          652  * !!!main             c_w.l(__main.o)
    0x08000138   0x08000138   0x00000034   Code   RO          826    !!!scatter          c_w.l(__scatter.o)
    0x0800016c   0x0800016c   0x00000064   Code   RO          824    !!dclz77c           c_w.l(__dclz77c.o)
    0x080001d0   0x080001d0   0x0000001c   Code   RO          828    !!handler_zi        c_w.l(__scatter_zi.o)
    0x080001ec   0x080001ec   0x00000000   Code   RO          641    .ARM.Collect$$_printf_percent$$00000000  c_w.l(_printf_percent.o)
    0x080001ec   0x080001ec   0x00000006   Code   RO          639    .ARM.Collect$$_printf_percent$$00000008  c_w.l(_printf_i.o)
    0x080001f2   0x080001f2   0x00000006   Code   RO          640    .ARM.Collect$$_printf_percent$$00000009  c_w.l(_printf_d.o)
    0x080001f8   0x080001f8   0x00000006   Code   RO          638    .ARM.Collect$$_printf_percent$$0000000C  c_w.l(_printf_x.o)
    0x080001fe   0x080001fe   0x00000006   Code   RO          637    .ARM.Collect$$_printf_percent$$00000014  c_w.l(_printf_s.o)
    0x08000204   0x08000204   0x00000004   Code   RO          667    .ARM.Collect$$_printf_percent$$00000017  c_w.l(_printf_percent_end.o)
    0x08000208   0x08000208   0x00000002   Code   RO          698    .ARM.Collect$$libinit$$00000000  c_w.l(libinit.o)
    0x0800020a   0x0800020a   0x00000000   Code   RO          705    .ARM.Collect$$libinit$$00000002  c_w.l(libinit2.o)
    0x0800020a   0x0800020a   0x00000000   Code   RO          707    .ARM.Collect$$libinit$$00000004  c_w.l(libinit2.o)
    0x0800020a   0x0800020a   0x00000000   Code   RO          710    .ARM.Collect$$libinit$$0000000A  c_w.l(libinit2.o)
    0x0800020a   0x0800020a   0x00000000   Code   RO          712    .ARM.Collect$$libinit$$0000000C  c_w.l(libinit2.o)
    0x0800020a   0x0800020a   0x00000000   Code   RO          714    .ARM.Collect$$libinit$$0000000E  c_w.l(libinit2.o)
    0x0800020a   0x0800020a   0x00000000   Code   RO          717    .ARM.Collect$$libinit$$00000011  c_w.l(libinit2.o)
    0x0800020a   0x0800020a   0x00000000   Code   RO          719    .ARM.Collect$$libinit$$00000013  c_w.l(libinit2.o)
    0x0800020a   0x0800020a   0x00000000   Code   RO          721    .ARM.Collect$$libinit$$00000015  c_w.l(libinit2.o)
    0x0800020a   0x0800020a   0x00000000   Code   RO          723    .ARM.Collect$$libinit$$00000017  c_w.l(libinit2.o)
    0x0800020a   0x0800020a   0x00000000   Code   RO          725    .ARM.Collect$$libinit$$00000019  c_w.l(libinit2.o)
    0x0800020a   0x0800020a   0x00000000   Code   RO          727    .ARM.Collect$$libinit$$0000001B  c_w.l(libinit2.o)
    0x0800020a   0x0800020a   0x00000000   Code   RO          729    .ARM.Collect$$libinit$$0000001D  c_w.l(libinit2.o)
    0x0800020a   0x0800020a   0x00000000   Code   RO          731    .ARM.Collect$$libinit$$0000001F  c_w.l(libinit2.o)
    0x0800020a   0x0800020a   0x00000000   Code   RO          733    .ARM.Collect$$libinit$$00000021  c_w.l(libinit2.o)
    0x0800020a   0x0800020a   0x00000000   Code   RO          735    .ARM.Collect$$libinit$$00000023  c_w.l(libinit2.o)
    0x0800020a   0x0800020a   0x00000000   Code   RO          737    .ARM.Collect$$libinit$$00000025  c_w.l(libinit2.o)
    0x0800020a   0x0800020a   0x00000000   Code   RO          741    .ARM.Collect$$libinit$$0000002C  c_w.l(libinit2.o)
    0x0800020a   0x0800020a   0x00000000   Code   RO          743    .ARM.Collect$$libinit$$0000002E  c_w.l(libinit2.o)
    0x0800020a   0x0800020a   0x00000000   Code   RO          745    .ARM.Collect$$libinit$$00000030  c_w.l(libinit2.o)
    0x0800020a   0x0800020a   0x00000000   Code   RO          747    .ARM.Collect$$libinit$$00000032  c_w.l(libinit2.o)
    0x0800020a   0x0800020a   0x00000002   Code   RO          748    .ARM.Collect$$libinit$$00000033  c_w.l(libinit2.o)
    0x0800020c   0x0800020c   0x00000002   Code   RO          766    .ARM.Collect$$libshutdown$$00000000  c_w.l(libshutdown.o)
    0x0800020e   0x0800020e   0x00000000   Code   RO          776    .ARM.Collect$$libshutdown$$00000002  c_w.l(libshutdown2.o)
    0x0800020e   0x0800020e   0x00000000   Code   RO          778    .ARM.Collect$$libshutdown$$00000004  c_w.l(libshutdown2.o)
    0x0800020e   0x0800020e   0x00000000   Code   RO          781    .ARM.Collect$$libshutdown$$00000007  c_w.l(libshutdown2.o)
    0x0800020e   0x0800020e   0x00000000   Code   RO          784    .ARM.Collect$$libshutdown$$0000000A  c_w.l(libshutdown2.o)
    0x0800020e   0x0800020e   0x00000000   Code   RO          786    .ARM.Collect$$libshutdown$$0000000C  c_w.l(libshutdown2.o)
    0x0800020e   0x0800020e   0x00000000   Code   RO          789    .ARM.Collect$$libshutdown$$0000000F  c_w.l(libshutdown2.o)
    0x0800020e   0x0800020e   0x00000002   Code   RO          790    .ARM.Collect$$libshutdown$$00000010  c_w.l(libshutdown2.o)
    0x08000210   0x08000210   0x00000000   Code   RO          656    .ARM.Collect$$rtentry$$00000000  c_w.l(__rtentry.o)
    0x08000210   0x08000210   0x00000000   Code   RO          669    .ARM.Collect$$rtentry$$00000002  c_w.l(__rtentry2.o)
    0x08000210   0x08000210   0x00000006   Code   RO          681    .ARM.Collect$$rtentry$$00000004  c_w.l(__rtentry4.o)
    0x08000216   0x08000216   0x00000000   Code   RO          671    .ARM.Collect$$rtentry$$00000009  c_w.l(__rtentry2.o)
    0x08000216   0x08000216   0x00000004   Code   RO          672    .ARM.Collect$$rtentry$$0000000A  c_w.l(__rtentry2.o)
    0x0800021a   0x0800021a   0x00000000   Code   RO          674    .ARM.Collect$$rtentry$$0000000C  c_w.l(__rtentry2.o)
    0x0800021a   0x0800021a   0x00000008   Code   RO          675    .ARM.Collect$$rtentry$$0000000D  c_w.l(__rtentry2.o)
    0x08000222   0x08000222   0x00000002   Code   RO          702    .ARM.Collect$$rtexit$$00000000  c_w.l(rtexit.o)
    0x08000224   0x08000224   0x00000000   Code   RO          750    .ARM.Collect$$rtexit$$00000002  c_w.l(rtexit2.o)
    0x08000224   0x08000224   0x00000004   Code   RO          751    .ARM.Collect$$rtexit$$00000003  c_w.l(rtexit2.o)
    0x08000228   0x08000228   0x00000006   Code   RO          752    .ARM.Collect$$rtexit$$00000004  c_w.l(rtexit2.o)
    0x0800022e   0x0800022e   0x00000002   PAD
    0x08000230   0x08000230   0x000000b8   Code   RO            1    .text               main.o
    0x080002e8   0x080002e8   0x0000001a   Code   RO          162    .text               stm32f10x_it.o
    0x08000302   0x08000302   0x00000002   PAD
    0x08000304   0x08000304   0x000001e0   Code   RO          177    .text               system_stm32f10x.o
    0x080004e4   0x080004e4   0x0000004c   Code   RO          195    .text               led.o
    0x08000530   0x08000530   0x00000418   Code   RO          252    .text               oled.o
    0x08000948   0x08000948   0x000019ba   Code   RO          270    .text               vl53l0x_api.o
    0x08002302   0x08002302   0x00000002   PAD
    0x08002304   0x08002304   0x00000bfe   Code   RO          321    .text               vl53l0x_api_calibration.o
    0x08002f02   0x08002f02   0x00000002   PAD
    0x08002f04   0x08002f04   0x000016ec   Code   RO          336    .text               vl53l0x_api_core.o
    0x080045f0   0x080045f0   0x00000944   Code   RO          354    .text               vl53l0x_api_strings.o
    0x08004f34   0x08004f34   0x00000570   Code   RO          366    .text               vl53l0x.o
    0x080054a4   0x080054a4   0x0000022c   Code   RO          385    .text               vl53l0x_gen.o
    0x080056d0   0x080056d0   0x00000264   Code   RO          404    .text               vl53l0x_it.o
    0x08005934   0x08005934   0x00000530   Code   RO          419    .text               vl53l0x_i2c.o
    0x08005e64   0x08005e64   0x000001e6   Code   RO          431    .text               vl53l0x_platform.o
    0x0800604a   0x0800604a   0x00000002   PAD
    0x0800604c   0x0800604c   0x000000d4   Code   RO          443    .text               delay.o
    0x08006120   0x08006120   0x00000140   Code   RO          474    .text               usart.o
    0x08006260   0x08006260   0x00000040   Code   RO          510    .text               startup_stm32f10x_hd.o
    0x080062a0   0x080062a0   0x000000dc   Code   RO          514    .text               misc.o
    0x0800637c   0x0800637c   0x0000035c   Code   RO          526    .text               stm32f10x_gpio.o
    0x080066d8   0x080066d8   0x000003a4   Code   RO          538    .text               stm32f10x_rcc.o
    0x08006a7c   0x08006a7c   0x00000408   Code   RO          552    .text               stm32f10x_usart.o
    0x08006e84   0x08006e84   0x0000011c   Code   RO          564    .text               stm32f10x_exti.o
    0x08006fa0   0x08006fa0   0x00000002   Code   RO          578    .text               c_w.l(use_no_semi_2.o)
    0x08006fa2   0x08006fa2   0x00000002   PAD
    0x08006fa4   0x08006fa4   0x00000018   Code   RO          584    .text               c_w.l(noretval__2printf.o)
    0x08006fbc   0x08006fbc   0x00000028   Code   RO          586    .text               c_w.l(noretval__2sprintf.o)
    0x08006fe4   0x08006fe4   0x0000004e   Code   RO          590    .text               c_w.l(_printf_pad.o)
    0x08007032   0x08007032   0x00000052   Code   RO          592    .text               c_w.l(_printf_str.o)
    0x08007084   0x08007084   0x00000078   Code   RO          594    .text               c_w.l(_printf_dec.o)
    0x080070fc   0x080070fc   0x00000058   Code   RO          599    .text               c_w.l(_printf_hex_int.o)
    0x08007154   0x08007154   0x0000010e   Code   RO          625    .text               c_w.l(__printf_wp.o)
    0x08007262   0x08007262   0x00000048   Code   RO          642    .text               c_w.l(strcpy.o)
    0x080072aa   0x080072aa   0x00000064   Code   RO          644    .text               c_w.l(rt_memcpy_w.o)
    0x0800730e   0x0800730e   0x00000044   Code   RO          646    .text               c_w.l(rt_memclr.o)
    0x08007352   0x08007352   0x0000004e   Code   RO          648    .text               c_w.l(rt_memclr_w.o)
    0x080073a0   0x080073a0   0x00000006   Code   RO          650    .text               c_w.l(heapauxi.o)
    0x080073a6   0x080073a6   0x00000002   Code   RO          654    .text               c_w.l(use_no_semi.o)
    0x080073a8   0x080073a8   0x000000b2   Code   RO          657    .text               c_w.l(_printf_intcommon.o)
    0x0800745a   0x0800745a   0x00000002   PAD
    0x0800745c   0x0800745c   0x00000030   Code   RO          659    .text               c_w.l(_printf_char_common.o)
    0x0800748c   0x0800748c   0x0000000a   Code   RO          661    .text               c_w.l(_sputc.o)
    0x08007496   0x08007496   0x0000002c   Code   RO          663    .text               c_w.l(_printf_char.o)
    0x080074c2   0x080074c2   0x00000002   PAD
    0x080074c4   0x080074c4   0x00000024   Code   RO          665    .text               c_w.l(_printf_char_file.o)
    0x080074e8   0x080074e8   0x00000008   Code   RO          685    .text               c_w.l(ferror.o)
    0x080074f0   0x080074f0   0x0000004a   Code   RO          689    .text               c_w.l(sys_stackheap_outer.o)
    0x0800753a   0x0800753a   0x00000012   Code   RO          691    .text               c_w.l(exit.o)
    0x0800754c   0x0800754c   0x00000008   Code   RO          699    .text               c_w.l(libspace.o)
    0x08007554   0x08007554   0x0000000e   Code   RO          627    i._is_digit         c_w.l(__printf_wp.o)
    0x08007562   0x08007562   0x000005f0   Data   RO          253    .constdata          oled.o
    0x08007b52   0x08007b52   0x00000028   Data   RO          600    .constdata          c_w.l(_printf_hex_int.o)
    0x08007b7a   0x08007b7a   0x00000002   PAD
    0x08007b7c   0x08007b7c   0x00000020   Data   RO          822    Region$$Table       anon$$obj.o


    Execution Region RW_IRAM1 (Exec base: 0x20000000, Load base: 0x08007b9c, Size: 0x00000c88, Max: 0x00010000, ABSOLUTE, COMPRESSED[0x000002d8])

    Exec Addr    Load Addr    Size         Type   Attr      Idx    E Section Name        Object

    0x20000000   COMPRESSED   0x00000014   Data   RW          178    .data               system_stm32f10x.o
    0x20000014   COMPRESSED   0x000002a9   Data   RW          271    .data               vl53l0x_api.o
    0x200002bd   COMPRESSED   0x00000003   PAD
    0x200002c0   COMPRESSED   0x00000010   Data   RW          322    .data               vl53l0x_api_calibration.o
    0x200002d0   COMPRESSED   0x00000039   Data   RW          368    .data               vl53l0x.o
    0x20000309   COMPRESSED   0x00000001   PAD
    0x2000030a   COMPRESSED   0x00000002   Data   RW          387    .data               vl53l0x_gen.o
    0x2000030c   COMPRESSED   0x0000000d   Data   RW          405    .data               vl53l0x_it.o
    0x20000319   COMPRESSED   0x00000001   PAD
    0x2000031a   COMPRESSED   0x00000004   Data   RW          444    .data               delay.o
    0x2000031e   COMPRESSED   0x00000002   PAD
    0x20000320   COMPRESSED   0x00000006   Data   RW          476    .data               usart.o
    0x20000326   COMPRESSED   0x00000014   Data   RW          539    .data               stm32f10x_rcc.o
    0x2000033a   COMPRESSED   0x00000002   PAD
    0x2000033c        -       0x000001e3   Zero   RW          367    .bss                vl53l0x.o
    0x2000051f   COMPRESSED   0x00000001   PAD
    0x20000520        -       0x0000003c   Zero   RW          386    .bss                vl53l0x_gen.o
    0x2000055c        -       0x000000c8   Zero   RW          475    .bss                usart.o
    0x20000624        -       0x00000060   Zero   RW          700    .bss                c_w.l(libspace.o)
    0x20000684   COMPRESSED   0x00000004   PAD
    0x20000688        -       0x00000200   Zero   RW          508    HEAP                startup_stm32f10x_hd.o
    0x20000888        -       0x00000400   Zero   RW          507    STACK               startup_stm32f10x_hd.o


==============================================================================

Image component sizes


      Code (inc. data)   RO Data    RW Data    ZI Data      Debug   Object Name

       212         18          0          4          0       1067   delay.o
        76          8          0          0          0     207515   led.o
       184         80          0          0          0     231871   main.o
       220         22          0          0          0       1825   misc.o
      1048          8       1520          0          0       5080   oled.o
        64         26        304          0       1536        816   startup_stm32f10x_hd.o
       284         10          0          0          0       2279   stm32f10x_exti.o
       860         38          0          0          0       5757   stm32f10x_gpio.o
        26          0          0          0          0       1194   stm32f10x_it.o
       932         36          0         20          0       8948   stm32f10x_rcc.o
      1032         22          0          0          0       8484   stm32f10x_usart.o
         0          0          0          0          0         32   sys.o
       480         38          0         20          0       1779   system_stm32f10x.o
       320         18          0          6        200       3206   usart.o
      1392        558          0         57        483       4553   vl53l0x.o
      6586         70          0        681          0      54817   vl53l0x_api.o
      3070         12          0         16          0      14932   vl53l0x_api_calibration.o
      5868         16          0          0          0      20828   vl53l0x_api_core.o
      2372       1266          0          0          0       4633   vl53l0x_api_strings.o
       556         94          0          2         60       2673   vl53l0x_gen.o
      1328         12          0          0          0       6931   vl53l0x_i2c.o
       612         42          0         13          0       2191   vl53l0x_it.o
       486          0          0          0          0       4703   vl53l0x_platform.o

    ----------------------------------------------------------------------
     28016       2394       1856        828       2280     596114   Object Totals
         0          0         32          0          0          0   (incl. Generated)
         8          0          0          9          1          0   (incl. Padding)

    ----------------------------------------------------------------------

      Code (inc. data)   RO Data    RW Data    ZI Data      Debug   Library Member Name

       100          0          0          0          0          0   __dclz77c.o
         8          0          0          0          0         68   __main.o
       284          0          0          0          0        156   __printf_wp.o
         0          0          0          0          0          0   __rtentry.o
        12          0          0          0          0          0   __rtentry2.o
         6          0          0          0          0          0   __rtentry4.o
        52          8          0          0          0          0   __scatter.o
        28          0          0          0          0          0   __scatter_zi.o
        44          0          0          0          0        108   _printf_char.o
        48          6          0          0          0         96   _printf_char_common.o
        36          4          0          0          0         80   _printf_char_file.o
         6          0          0          0          0          0   _printf_d.o
       120         16          0          0          0         92   _printf_dec.o
        88          4         40          0          0         88   _printf_hex_int.o
         6          0          0          0          0          0   _printf_i.o
       178          0          0          0          0         88   _printf_intcommon.o
        78          0          0          0          0        108   _printf_pad.o
         0          0          0          0          0          0   _printf_percent.o
         4          0          0          0          0          0   _printf_percent_end.o
         6          0          0          0          0          0   _printf_s.o
        82          0          0          0          0         80   _printf_str.o
         6          0          0          0          0          0   _printf_x.o
        10          0          0          0          0         68   _sputc.o
        18          0          0          0          0         80   exit.o
         8          0          0          0          0         68   ferror.o
         6          0          0          0          0        152   heapauxi.o
         2          0          0          0          0          0   libinit.o
         2          0          0          0          0          0   libinit2.o
         2          0          0          0          0          0   libshutdown.o
         2          0          0          0          0          0   libshutdown2.o
         8          4          0          0         96         68   libspace.o
        24          4          0          0          0         84   noretval__2printf.o
        40          6          0          0          0         84   noretval__2sprintf.o
        68          0          0          0          0         68   rt_memclr.o
        78          0          0          0          0         80   rt_memclr_w.o
       100          0          0          0          0         80   rt_memcpy_w.o
         2          0          0          0          0          0   rtexit.o
        10          0          0          0          0          0   rtexit2.o
        72          0          0          0          0         80   strcpy.o
        74          0          0          0          0         80   sys_stackheap_outer.o
         2          0          0          0          0         68   use_no_semi.o
         2          0          0          0          0         68   use_no_semi_2.o

    ----------------------------------------------------------------------
      1730         52         42          0        100       2092   Library Totals
         8          0          2          0          4          0   (incl. Padding)

    ----------------------------------------------------------------------

      Code (inc. data)   RO Data    RW Data    ZI Data      Debug   Library Name

      1722         52         40          0         96       2092   c_w.l

    ----------------------------------------------------------------------
      1730         52         42          0        100       2092   Library Totals

    ----------------------------------------------------------------------

==============================================================================


      Code (inc. data)   RO Data    RW Data    ZI Data      Debug   

     29746       2446       1898        828       2380     595602   Grand Totals
     29746       2446       1898        728       2380     595602   ELF Image Totals (compressed)
     29746       2446       1898        728          0          0   ROM Totals

==============================================================================

    Total RO  Size (Code + RO Data)                31644 (  30.90kB)
    Total RW  Size (RW Data + ZI Data)              3208 (   3.13kB)
    Total ROM Size (Code + RO Data + RW Data)      32372 (  31.61kB)

==============================================================================

